Archive member included because of file (symbol)

/home/texzk/ChibiStudio/tools/GNU Tools ARM Embedded/4.6 2012q4/bin/../lib/gcc/arm-none-eabi/4.6.2/armv7-m/libgcc.a(_arm_addsubdf3.o)
                              build/obj/chprintf.o (__aeabi_dsub)
/home/texzk/ChibiStudio/tools/GNU Tools ARM Embedded/4.6 2012q4/bin/../lib/gcc/arm-none-eabi/4.6.2/armv7-m/libgcc.a(_arm_muldivdf3.o)
                              build/obj/chprintf.o (__aeabi_dmul)
/home/texzk/ChibiStudio/tools/GNU Tools ARM Embedded/4.6 2012q4/bin/../lib/gcc/arm-none-eabi/4.6.2/armv7-m/libgcc.a(_arm_fixdfsi.o)
                              build/obj/chprintf.o (__aeabi_d2iz)
/home/texzk/ChibiStudio/tools/GNU Tools ARM Embedded/4.6 2012q4/bin/../lib/gcc/arm-none-eabi/4.6.2/armv7-m/libgcc.a(_arm_truncdfsf2.o)
                              build/obj/chprintf.o (__aeabi_d2f)
/home/texzk/ChibiStudio/tools/GNU Tools ARM Embedded/4.6 2012q4/bin/../lib/gcc/arm-none-eabi/4.6.2/armv7-m/libgcc.a(_arm_cmpsf2.o)
                              build/obj/chprintf.o (__aeabi_fcmplt)
/home/texzk/ChibiStudio/tools/GNU Tools ARM Embedded/4.6 2012q4/bin/../lib/gcc/arm-none-eabi/4.6.2/../../../../arm-none-eabi/lib/armv7-m/libc.a(lib_a-memcpy.o)
                              build/obj/flash.o (memcpy)
/home/texzk/ChibiStudio/tools/GNU Tools ARM Embedded/4.6 2012q4/bin/../lib/gcc/arm-none-eabi/4.6.2/../../../../arm-none-eabi/lib/armv7-m/libc.a(lib_a-memset.o)
                              build/obj/syscalls.o (memset)
/home/texzk/ChibiStudio/tools/GNU Tools ARM Embedded/4.6 2012q4/bin/../lib/gcc/arm-none-eabi/4.6.2/../../../../arm-none-eabi/lib/armv7-m/libc.a(lib_a-strcmp.o)
                              build/obj/shell.o (strcmp)
/home/texzk/ChibiStudio/tools/GNU Tools ARM Embedded/4.6 2012q4/bin/../lib/gcc/arm-none-eabi/4.6.2/../../../../arm-none-eabi/lib/armv7-m/libc.a(lib_a-strlen.o)
                              build/obj/ihex.o (strlen)
/home/texzk/ChibiStudio/tools/GNU Tools ARM Embedded/4.6 2012q4/bin/../lib/gcc/arm-none-eabi/4.6.2/../../../../arm-none-eabi/lib/armv7-m/libc.a(lib_a-strncmp.o)
                              build/obj/apploader.o (strncmp)
/home/texzk/ChibiStudio/tools/GNU Tools ARM Embedded/4.6 2012q4/bin/../lib/gcc/arm-none-eabi/4.6.2/../../../../arm-none-eabi/lib/armv7-m/libc.a(lib_a-strncpy.o)
                              build/obj/ihex.o (strncpy)
/home/texzk/ChibiStudio/tools/GNU Tools ARM Embedded/4.6 2012q4/bin/../lib/gcc/arm-none-eabi/4.6.2/../../../../arm-none-eabi/lib/armv7-m/libc.a(lib_a-strpbrk.o)
                              build/obj/shell.o (strpbrk)
/home/texzk/ChibiStudio/tools/GNU Tools ARM Embedded/4.6 2012q4/bin/../lib/gcc/arm-none-eabi/4.6.2/../../../../arm-none-eabi/lib/armv7-m/libc.a(lib_a-strspn.o)
                              build/obj/shell.o (strspn)
/home/texzk/ChibiStudio/tools/GNU Tools ARM Embedded/4.6 2012q4/bin/../lib/gcc/arm-none-eabi/4.6.2/../../../../arm-none-eabi/lib/armv7-m/libc.a(lib_a-strtol.o)
                              build/obj/ihex.o (strtol)
/home/texzk/ChibiStudio/tools/GNU Tools ARM Embedded/4.6 2012q4/bin/../lib/gcc/arm-none-eabi/4.6.2/../../../../arm-none-eabi/lib/armv7-m/libc.a(lib_a-ctype_.o)
                              /home/texzk/ChibiStudio/tools/GNU Tools ARM Embedded/4.6 2012q4/bin/../lib/gcc/arm-none-eabi/4.6.2/../../../../arm-none-eabi/lib/armv7-m/libc.a(lib_a-strtol.o) (__ctype_ptr__)
/home/texzk/ChibiStudio/tools/GNU Tools ARM Embedded/4.6 2012q4/bin/../lib/gcc/arm-none-eabi/4.6.2/../../../../arm-none-eabi/lib/armv7-m/libc.a(lib_a-impure.o)
                              /home/texzk/ChibiStudio/tools/GNU Tools ARM Embedded/4.6 2012q4/bin/../lib/gcc/arm-none-eabi/4.6.2/../../../../arm-none-eabi/lib/armv7-m/libc.a(lib_a-strtol.o) (_impure_ptr)

Allocating common symbols
Common symbol       size              file

EXTD1               0x8               build/obj/ext_lld.o
I2CD1               0x38              build/obj/i2c_lld.o
CAND1               0x38              build/obj/can_lld.o
shell_terminated    0x4               build/obj/shell.o
dbg_trace_buffer    0x408             build/obj/chdebug.o
dbg_panic_msg       0x4               build/obj/chdebug.o
SD3                 0x258             build/obj/serial_lld.o
ADCD1               0x34              build/obj/adc_lld.o
SPID1               0x30              build/obj/spi_lld.o
dbg_isr_cnt         0x4               build/obj/chdebug.o
GPTD3               0x10              build/obj/gpt_lld.o
PWMD2               0x14              build/obj/pwm_lld.o
vtlist              0x10              build/obj/chvt.o
app_loader          0x50              build/obj/main.o
ICUD4               0x18              build/obj/icu_lld.o
rlist               0x1c              build/obj/chschd.o
dbg_lock_cnt        0x4               build/obj/chdebug.o
_idle_thread_wa     0xb0              build/obj/chsys.o
app_loadercfg       0x30              build/obj/main.o
SD1                 0x258             build/obj/serial_lld.o

Memory Configuration

Name             Origin             Length             Attributes
flash            0x08000000         0x0001fc00
appcfg           0x0801fc00         0x00000400
ram              0x20000000         0x00005000
*default*        0x00000000         0xffffffff

Linker script and memory map

LOAD build/obj/crt0.o
LOAD build/obj/vectors.o
LOAD build/obj/chcore.o
LOAD build/obj/chcore_v7m.o
LOAD build/obj/nvic.o
LOAD build/obj/chsys.o
LOAD build/obj/chdebug.o
LOAD build/obj/chlists.o
LOAD build/obj/chvt.o
LOAD build/obj/chschd.o
LOAD build/obj/chthreads.o
LOAD build/obj/chdynamic.o
LOAD build/obj/chregistry.o
LOAD build/obj/chsem.o
LOAD build/obj/chmtx.o
LOAD build/obj/chcond.o
LOAD build/obj/chevents.o
LOAD build/obj/chmsg.o
LOAD build/obj/chmboxes.o
LOAD build/obj/chqueues.o
LOAD build/obj/chmemcore.o
LOAD build/obj/chheap.o
LOAD build/obj/chmempools.o
LOAD build/obj/hal.o
LOAD build/obj/adc.o
LOAD build/obj/can.o
LOAD build/obj/ext.o
LOAD build/obj/gpt.o
LOAD build/obj/i2c.o
LOAD build/obj/icu.o
LOAD build/obj/mac.o
LOAD build/obj/mmc_spi.o
LOAD build/obj/mmcsd.o
LOAD build/obj/pal.o
LOAD build/obj/pwm.o
LOAD build/obj/rtc.o
LOAD build/obj/sdc.o
LOAD build/obj/serial.o
LOAD build/obj/serial_usb.o
LOAD build/obj/spi.o
LOAD build/obj/tm.o
LOAD build/obj/uart.o
LOAD build/obj/usb.o
LOAD build/obj/stm32_dma.o
LOAD build/obj/hal_lld.o
LOAD build/obj/adc_lld.o
LOAD build/obj/ext_lld_isr.o
LOAD build/obj/can_lld.o
LOAD build/obj/ext_lld.o
LOAD build/obj/gpt_lld.o
LOAD build/obj/icu_lld.o
LOAD build/obj/mac_lld.o
LOAD build/obj/pwm_lld.o
LOAD build/obj/sdc_lld.o
LOAD build/obj/pal_lld.o
LOAD build/obj/i2c_lld.o
LOAD build/obj/rtc_lld.o
LOAD build/obj/spi_lld.o
LOAD build/obj/serial_lld.o
LOAD build/obj/uart_lld.o
LOAD build/obj/usb_lld.o
LOAD build/obj/board.o
LOAD build/obj/syscalls.o
LOAD build/obj/shell.o
LOAD build/obj/chprintf.o
LOAD build/obj/flash.o
LOAD build/obj/helper.o
LOAD build/obj/ihex.o
LOAD build/obj/main.o
LOAD build/obj/print.o
LOAD build/obj/apploader.o
LOAD /home/texzk/ChibiStudio/tools/GNU Tools ARM Embedded/4.6 2012q4/bin/../lib/gcc/arm-none-eabi/4.6.2/../../../../arm-none-eabi/lib/armv7-m/libm.a
START GROUP
LOAD /home/texzk/ChibiStudio/tools/GNU Tools ARM Embedded/4.6 2012q4/bin/../lib/gcc/arm-none-eabi/4.6.2/armv7-m/libgcc.a
LOAD /home/texzk/ChibiStudio/tools/GNU Tools ARM Embedded/4.6 2012q4/bin/../lib/gcc/arm-none-eabi/4.6.2/../../../../arm-none-eabi/lib/armv7-m/libc.a
END GROUP
                0x00000400                __main_stack_size__ = 0x400
                0x00000400                __process_stack_size__ = 0x400
                0x20000000                __ram_start__ = ORIGIN (ram)
                0x00005000                __ram_size__ = 0x5000
                0x20005000                __ram_end__ = (__ram_start__ + __ram_size__)
                0x0801fc00                __appcfg_start__ = ORIGIN (appcfg)
                0x00000400                __appcfg_size__ = 0x400
                0x08020000                __appcfg_end__ = (__appcfg_start__ + __appcfg_size__)
                0x00000000                . = 0x0
                0x00000000                _text = .

startup         0x08000000       0xec
 *(vectors)
 vectors        0x08000000       0xec build/obj/vectors.o
                0x08000000                _vectors

constructors    0x080000ec        0x0
                0x080000ec                PROVIDE (__init_array_start, .)
 *(SORT(.init_array.*))
 *(.init_array)
                0x080000ec                PROVIDE (__init_array_end, .)

destructors     0x080000ec        0x0
                0x080000ec                PROVIDE (__fini_array_start, .)
 *(.fini_array)
 *(SORT(.fini_array.*))
                0x080000ec                PROVIDE (__fini_array_end, .)

.appcfg         0x0801fc00      0x348
 *.o(.appcfg)
 .appcfg        0x0801fc00      0x348 build/obj/apploader.o
                0x0801fc00                flash_apps
 *.o(.appcfg.*)

.text           0x080000f0    0x10304
 *(.text.startup.*)
 *(.text)
 .text          0x080000f0      0x10c build/obj/crt0.o
                0x080000fc                __late_init
                0x08000108                _default_exit
                0x0800010c                ResetHandler
 *fill*         0x080001fc        0x4 00
 .text          0x08000200        0x4 build/obj/vectors.o
                0x08000200                VectorAC
                0x08000200                NMIVector
                0x08000200                VectorC8
                0x08000200                VectorA8
                0x08000200                UsageFaultVector
                0x08000200                DebugMonitorVector
                0x08000200                Vector40
                0x08000200                PendSVVector
                0x08000200                VectorCC
                0x08000200                Vector54
                0x08000200                VectorD8
                0x08000200                Vector24
                0x08000200                BusFaultVector
                0x08000200                VectorD0
                0x08000200                VectorE4
                0x08000200                HardFaultVector
                0x08000200                MemManageVector
                0x08000200                VectorA0
                0x08000200                VectorC4
                0x08000200                Vector1C
                0x08000200                Vector48
                0x08000200                Vector4C
                0x08000200                _unhandled_exception
                0x08000200                Vector88
                0x08000200                Vector50
                0x08000200                Vector28
                0x08000200                Vector34
                0x08000200                VectorA4
                0x08000200                Vector20
 *fill*         0x08000204        0xc 00
 .text          0x08000210        0x8 build/obj/chcore.o
                0x08000210                port_halt
 *fill*         0x08000218        0x8 00
 .text          0x08000220      0x170 build/obj/chcore_v7m.o
                0x08000220                SysTickVector
                0x08000250                SVCallVector
                0x0800027c                _port_init
                0x080002c8                _port_irq_epilogue
                0x08000350                _port_switch_from_isr
                0x08000360                _port_switch
                0x08000374                _port_thread_start
 .text          0x08000390      0x194 build/obj/nvic.o
                0x08000390                nvicEnableVector
                0x0800043c                nvicDisableVector
                0x080004bc                nvicSetSystemHandlerPriority
 *fill*         0x08000524        0xc 00
 .text          0x08000530      0x190 build/obj/chsys.o
                0x08000530                _idle_thread
                0x08000550                chSysInit
                0x080005f8                chSysTimerHandlerI
 .text          0x080006c0      0x374 build/obj/chdebug.o
                0x080006c0                dbg_check_disable
                0x080006f0                dbg_check_suspend
                0x08000720                dbg_check_enable
                0x08000750                dbg_check_lock
                0x0800078c                dbg_check_unlock
                0x080007c8                dbg_check_lock_from_isr
                0x08000804                dbg_check_unlock_from_isr
                0x08000840                dbg_check_enter_isr
                0x08000898                dbg_check_leave_isr
                0x080008f0                chDbgCheckClassI
                0x08000920                chDbgCheckClassS
                0x08000950                _trace_init
                0x08000978                dbg_trace
                0x08000a14                chDbgPanic
 *fill*         0x08000a34        0xc 00
 .text          0x08000a40        0x0 build/obj/chlists.o
 .text          0x08000a40      0x1d4 build/obj/chvt.o
                0x08000a40                _vt_init
                0x08000a8c                chVTSetI
                0x08000b38                chVTResetI
                0x08000bb0                chTimeIsWithin
 *fill*         0x08000c14        0xc 00
 .text          0x08000c20      0x498 build/obj/chschd.o
                0x08000c78                _scheduler_init
                0x08000cdc                chSchReadyI
                0x08000d58                chSchGoSleepS
                0x08000e4c                chSchGoSleepTimeoutS
                0x08000ebc                chSchWakeupS
                0x08000f48                chSchRescheduleS
                0x08000f74                chSchDoRescheduleBehind
                0x08000ff0                chSchDoRescheduleAhead
                0x080010ac                chSchDoReschedule
 *fill*         0x080010b8        0x8 00
 .text          0x080010c0      0x554 build/obj/chthreads.o
                0x08001108                _thread_init
                0x080011b4                _thread_memfill
                0x080011e4                chThdCreateI
                0x08001260                chThdCreateStatic
                0x080012dc                chThdSetPriority
                0x08001378                chThdResume
                0x080013c4                chThdTerminate
                0x08001400                chThdSleep
                0x08001444                chThdSleepUntil
                0x0800148c                chThdYield
                0x080014cc                chThdExit
                0x080014f0                chThdExitS
                0x0800156c                chThdWait
 *fill*         0x08001614        0xc 00
 .text          0x08001620      0x184 build/obj/chdynamic.o
                0x08001620                chThdAddRef
                0x08001674                chThdRelease
                0x08001708                chThdCreateFromHeap
 *fill*         0x080017a4        0xc 00
 .text          0x080017b0       0xc0 build/obj/chregistry.o
                0x080017b0                chRegFirstThread
                0x080017f8                chRegNextThread
 .text          0x08001870      0x640 build/obj/chsem.o
                0x080018fc                chSemInit
                0x0800193c                chSemReset
                0x08001974                chSemResetI
                0x08001a08                chSemWait
                0x08001a40                chSemWaitS
                0x08001ae8                chSemWaitTimeout
                0x08001b24                chSemWaitTimeoutS
                0x08001be0                chSemSignal
                0x08001c74                chSemSignalI
                0x08001cf8                chSemAddCounterI
                0x08001d94                chSemSignalWait
 .text          0x08001eb0      0x500 build/obj/chmtx.o
                0x08001f58                chMtxInit
                0x08001f90                chMtxLock
                0x08001fc0                chMtxLockS
                0x080020b8                chMtxTryLock
                0x080020f0                chMtxTryLockS
                0x08002158                chMtxUnlock
                0x08002244                chMtxUnlockS
                0x08002318                chMtxUnlockAll
 .text          0x080023b0        0x0 build/obj/chcond.o
 .text          0x080023b0      0x51c build/obj/chevents.o
                0x080023b0                chEvtRegisterMask
                0x08002420                chEvtUnregister
                0x0800248c                chEvtGetAndClearEvents
                0x080024ec                chEvtAddEvents
                0x08002538                chEvtBroadcastFlagsI
                0x08002594                chEvtGetAndClearFlags
                0x080025d0                chEvtSignal
                0x08002618                chEvtSignalI
                0x08002690                chEvtBroadcastFlags
                0x080026c8                chEvtGetAndClearFlagsI
                0x080026ec                chEvtDispatch
                0x0800277c                chEvtWaitOne
                0x080027f8                chEvtWaitAny
                0x08002868                chEvtWaitAll
 *fill*         0x080028cc        0x4 00
 .text          0x080028d0        0x0 build/obj/chmsg.o
 .text          0x080028d0        0x0 build/obj/chmboxes.o
 .text          0x080028d0      0x64c build/obj/chqueues.o
                0x08002980                chIQInit
                0x080029dc                chIQResetI
                0x08002a2c                chIQPutI
                0x08002ac8                chIQGetTimeout
                0x08002b64                chIQReadTimeout
                0x08002c4c                chOQInit
                0x08002ca4                chOQResetI
                0x08002d00                chOQPutTimeout
                0x08002da0                chOQGetI
                0x08002e34                chOQWriteTimeout
 *fill*         0x08002f1c        0x4 00
 .text          0x08002f20      0x23c build/obj/chmemcore.o
                0x08002f20                _core_init
                0x08002f74                chCoreAlloc
                0x08002fac                chCoreAllocI
                0x0800301c                chCoreStatus
                0x08003040                chCoreTrim
                0x08003078                chCoreTrimI
                0x080030cc                chCoreGrow
                0x080030fc                chCoreGrowI
 *fill*         0x0800315c        0x4 00
 .text          0x08003160      0x330 build/obj/chheap.o
                0x08003160                _heap_init
                0x080031a0                chHeapInit
                0x0800320c                chHeapAlloc
                0x08003308                chHeapFree
                0x08003414                chHeapStatus
 .text          0x08003490        0x0 build/obj/chmempools.o
 .text          0x08003490       0xd8 build/obj/hal.o
                0x08003490                halInit
                0x080034d0                halIsCounterWithin
                0x08003534                halPolledDelay
 *fill*         0x08003568        0x8 00
 .text          0x08003570      0x3e4 build/obj/adc.o
                0x08003570                adcInit
                0x0800357c                adcObjectInit
                0x080035c8                adcStart
                0x08003634                adcStop
                0x08003698                adcStartConversion
                0x080036d4                adcStartConversionI
                0x08003764                adcStopConversion
                0x080037f8                adcStopConversionI
                0x08003884                adcConvert
                0x080038fc                adcAcquireBus
                0x0800392c                adcReleaseBus
 *fill*         0x08003954        0xc 00
 .text          0x08003960      0x6a8 build/obj/can.o
                0x08003960                canInit
                0x0800396c                canObjectInit
                0x080039e0                canStart
                0x08003a78                canStop
                0x08003b00                canTryTransmit
                0x08003b3c                canTryTransmitI
                0x08003bb4                canAbortTransmission
                0x08003be8                canAbortTransmissionI
                0x08003c34                canTryReceive
                0x08003c70                canTryReceiveI
                0x08003ce8                canSetFilters
                0x08003d20                canSetFiltersI
                0x08003d70                canClearFilters
                0x08003da0                canClearFiltersI
                0x08003de8                canTransmitTimeout
                0x08003e78                canReceiveTimeout
                0x08003f08                canSleep
                0x08003f88                canWakeup
 *fill*         0x08004008        0x8 00
 .text          0x08004010      0x254 build/obj/ext.o
                0x08004010                extInit
                0x0800401c                extObjectInit
                0x08004040                extStart
                0x080040b4                extStop
                0x08004118                extChannelEnable
                0x08004188                extChannelDisable
                0x080041f8                extSetChannelModeI
 *fill*         0x08004264        0xc 00
 .text          0x08004270      0x344 build/obj/gpt.o
                0x08004270                gptInit
                0x0800427c                gptObjectInit
                0x080042a0                gptStart
                0x08004314                gptStop
                0x08004378                gptChangeInterval
                0x080043d8                gptStartContinuous
                0x08004410                gptStartContinuousI
                0x08004460                gptStartOneShot
                0x08004498                gptStartOneShotI
                0x080044e8                gptStopTimer
                0x08004518                gptStopTimerI
                0x08004570                gptPolledDelay
 *fill*         0x080045b4        0xc 00
 .text          0x080045c0      0x320 build/obj/i2c.o
                0x080045c0                i2cInit
                0x080045cc                i2cObjectInit
                0x080045f8                i2cStart
                0x08004674                i2cStop
                0x080046e0                i2cGetErrors
                0x08004708                i2cMasterTransmitTimeout
                0x080047d4                i2cMasterReceiveTimeout
                0x08004888                i2cAcquireBus
                0x080048b8                i2cReleaseBus
 .text          0x080048e0      0x1d8 build/obj/icu.o
                0x080048e0                icuInit
                0x080048ec                icuObjectInit
                0x08004910                icuStart
                0x08004984                icuStop
                0x080049e8                icuEnable
                0x08004a44                icuDisable
 *fill*         0x08004ab8        0x8 00
 .text          0x08004ac0        0x0 build/obj/mac.o
 .text          0x08004ac0        0x0 build/obj/mmc_spi.o
 .text          0x08004ac0        0x0 build/obj/mmcsd.o
 .text          0x08004ac0       0xe8 build/obj/pal.o
                0x08004ac0                palReadBus
                0x08004b04                palWriteBus
                0x08004b60                palSetBusMode
 *fill*         0x08004ba8        0x8 00
 .text          0x08004bb0      0x248 build/obj/pwm.o
                0x08004bb0                pwmInit
                0x08004bbc                pwmObjectInit
                0x08004be0                pwmStart
                0x08004c5c                pwmStop
                0x08004cc0                pwmChangePeriod
                0x08004d28                pwmEnableChannel
                0x08004d94                pwmDisableChannel
 *fill*         0x08004df8        0x8 00
 .text          0x08004e00        0x0 build/obj/rtc.o
 .text          0x08004e00        0x0 build/obj/sdc.o
 .text          0x08004e00      0x36c build/obj/serial.o
                0x08004f50                sdInit
                0x08004f5c                sdObjectInit
                0x08004fcc                sdStart
                0x08005034                sdStop
                0x080050b4                sdIncomingDataI
                0x0800511c                sdRequestDataI
 *fill*         0x0800516c        0x4 00
 .text          0x08005170        0x0 build/obj/serial_usb.o
 .text          0x08005170      0x6a8 build/obj/spi.o
                0x08005170                spiInit
                0x0800517c                spiObjectInit
                0x080051b0                spiStart
                0x08005224                spiStop
                0x08005290                spiSelect
                0x080052e4                spiUnselect
                0x08005338                spiStartIgnore
                0x080053a0                spiStartExchange
                0x0800541c                spiStartSend
                0x0800548c                spiStartReceive
                0x080054fc                spiIgnore
                0x080055a4                spiExchange
                0x08005660                spiSend
                0x08005710                spiReceive
                0x080057c0                spiAcquireBus
                0x080057f0                spiReleaseBus
 *fill*         0x08005818        0x8 00
 .text          0x08005820        0x0 build/obj/tm.o
 .text          0x08005820        0x0 build/obj/uart.o
 .text          0x08005820        0x0 build/obj/usb.o
 .text          0x08005820      0x4e4 build/obj/stm32_dma.o
                0x08005820                Vector6C
                0x08005880                Vector70
                0x080058e4                Vector74
                0x08005948                Vector78
                0x080059ac                Vector7C
                0x08005a10                Vector80
                0x08005a74                Vector84
                0x08005ad8                dmaInit
                0x08005b4c                dmaStreamAllocate
                0x08005c5c                dmaStreamRelease
 *fill*         0x08005d04        0xc 00
 .text          0x08005d10      0x238 build/obj/hal_lld.o
                0x08005d34                hal_lld_init
                0x08005e1c                stm32_clock_init
 *fill*         0x08005f48        0x8 00
 .text          0x08005f50      0x520 build/obj/adc_lld.o
                0x08006150                adc_lld_init
                0x08006234                adc_lld_start
                0x080062c4                adc_lld_stop
                0x08006328                adc_lld_start_conversion
                0x08006428                adc_lld_stop_conversion
 .text          0x08006470      0x4b4 build/obj/ext_lld_isr.o
                0x08006470                Vector58
                0x080064ac                Vector5C
                0x080064e8                Vector60
                0x08006524                Vector64
                0x08006560                Vector68
                0x0800659c                Vector9C
                0x08006688                VectorE0
                0x08006798                Vector44
                0x080067d4                RTCAlarm_IRQHandler
                0x08006810                VectorE8
                0x0800684c                ext_lld_exti_irq_enable
                0x080068cc                ext_lld_exti_irq_disable
 *fill*         0x08006924        0xc 00
 .text          0x08006930      0x964 build/obj/can_lld.o
                0x08006930                Vector8C
                0x080069e0                Vector90
                0x08006af8                Vector94
                0x08006b10                Vector98
                0x08006c24                can_lld_init
                0x08006c48                can_lld_start
                0x08006d08                can_lld_stop
                0x08006d88                can_lld_can_transmit
                0x08006db0                can_lld_transmit
                0x08006e84                can_lld_abort_transmit
                0x08006eb8                can_lld_can_receive
                0x08006ee0                can_lld_receive
                0x08006ffc                can_lld_set_filters
                0x0800718c                can_lld_clear_filters
                0x0800724c                can_lld_sleep
                0x08007270                can_lld_wakeup
 *fill*         0x08007294        0xc 00
 .text          0x080072a0      0x35c build/obj/ext_lld.o
                0x080072a0                ext_lld_init
                0x080072b4                ext_lld_start
                0x0800730c                ext_lld_stop
                0x08007354                ext_lld_channel_enable
                0x0800753c                ext_lld_channel_disable
 *fill*         0x080075fc        0x4 00
 .text          0x08007600      0x298 build/obj/gpt_lld.o
                0x0800763c                VectorB4
                0x0800765c                gpt_lld_init
                0x08007680                gpt_lld_start
                0x0800775c                gpt_lld_stop
                0x080077c0                gpt_lld_start_timer
                0x08007814                gpt_lld_stop_timer
                0x08007844                gpt_lld_polled_delay
 *fill*         0x08007898        0x8 00
 .text          0x080078a0      0x454 build/obj/icu_lld.o
                0x08007980                VectorB8
                0x080079a0                icu_lld_init
                0x080079c4                icu_lld_start
                0x08007b98                icu_lld_stop
                0x08007bfc                icu_lld_enable
                0x08007cc4                icu_lld_disable
 *fill*         0x08007cf4        0xc 00
 .text          0x08007d00        0x0 build/obj/mac_lld.o
 .text          0x08007d00      0x43c build/obj/pwm_lld.o
                0x08007d9c                VectorB0
                0x08007dbc                pwm_lld_init
                0x08007ddc                pwm_lld_start
                0x08007ff0                pwm_lld_stop
                0x08008054                pwm_lld_enable_channel
                0x080080e8                pwm_lld_disable_channel
 *fill*         0x0800813c        0x4 00
 .text          0x08008140        0x0 build/obj/sdc_lld.o
 .text          0x08008140      0x1e8 build/obj/pal_lld.o
                0x08008140                _pal_lld_init
                0x0800823c                _pal_lld_setgroupmode
 *fill*         0x08008328        0x8 00
 .text          0x08008330      0xcf8 build/obj/i2c_lld.o
                0x08008ac0                VectorBC
                0x08008ae0                VectorC0
                0x08008b38                i2c_lld_init
                0x08008b8c                i2c_lld_start
                0x08008ce4                i2c_lld_stop
                0x08008d4c                i2c_lld_master_receive_timeout
                0x08008ea8                i2c_lld_master_transmit_timeout
 *fill*         0x08009028        0x8 00
 .text          0x08009030        0x0 build/obj/rtc_lld.o
 .text          0x08009030      0x5c0 build/obj/spi_lld.o
                0x08009130                spi_lld_init
                0x080091a0                spi_lld_start
                0x080092dc                spi_lld_stop
                0x08009344                spi_lld_select
                0x0800936c                spi_lld_unselect
                0x08009394                spi_lld_ignore
                0x0800941c                spi_lld_exchange
                0x080094a4                spi_lld_send
                0x0800952c                spi_lld_receive
                0x080095b4                spi_lld_polled_exchange
 .text          0x080095f0      0x4dc build/obj/serial_lld.o
                0x08009910                VectorD4
                0x08009930                VectorDC
                0x08009950                sd_lld_init
                0x080099b0                sd_lld_start
                0x08009a48                sd_lld_stop
 *fill*         0x08009acc        0x4 00
 .text          0x08009ad0        0x0 build/obj/uart_lld.o
 .text          0x08009ad0        0x0 build/obj/usb_lld.o
 .text          0x08009ad0       0x98 build/obj/board.o
                0x08009ad0                __early_init
                0x08009adc                boardInit
                0x08009b30                boardReset
 *fill*         0x08009b68        0x8 00
 .text          0x08009b70      0x11c build/obj/syscalls.o
                0x08009b70                _read_r
                0x08009b98                _lseek_r
                0x08009bb8                _write_r
                0x08009bd4                _close_r
                0x08009bf0                _sbrk_r
                0x08009c38                _fstat_r
                0x08009c70                _isatty_r
 *fill*         0x08009c8c        0x4 00
 .text          0x08009c90      0x600 build/obj/shell.o
                0x0800a11c                shellInit
                0x0800a138                shellCreate
                0x0800a168                shellCreateStatic
                0x0800a198                shellGetLine
 .text          0x0800a290      0x6b8 build/obj/chprintf.o
                0x0800a424                chprintf
 *fill*         0x0800a948        0x8 00
 .text          0x0800a950      0x438 build/obj/flash.o
                0x0800a9d8                flashPageErase
                0x0800aacc                flashPageCheckErased
                0x0800ab24                flashPageRead
                0x0800ab5c                flashPageCompare
                0x0800abf8                flashPageWrite
                0x0800ad0c                flashPageWriteIfNeeded
 *fill*         0x0800ad88        0x8 00
 .text          0x0800ad90      0x220 build/obj/helper.o
                0x0800ad90                linearFlashProgramStart
                0x0800adf4                linearFlashProgramFinish
                0x0800ae2c                linearFlashProgram
                0x0800af34                flashJumpApplication
 .text          0x0800afb0      0x3dc build/obj/ihex.o
                0x0800afb0                New_IHexRecord
                0x0800b024                Read_IHexRecord
                0x0800b310                Checksum_IHexRecord
 *fill*         0x0800b38c        0x4 00
 .text          0x0800b390      0x5fc build/obj/main.o
                0x0800b8d0                main
 *fill*         0x0800b98c        0x4 00
 .text          0x0800b990      0x184 build/obj/print.o
                0x0800b990                print
                0x0800b9c8                printn
                0x0800ba6c                read
                0x0800bab0                readn
 *fill*         0x0800bb14        0xc 00
 .text          0x0800bb20     0x1bfc build/obj/apploader.o
                0x0800cdd8                ldrInit
                0x0800ce6c                ldrLock
                0x0800ce88                ldrUnlock
                0x0800ceb8                ldrInstall
                0x0800d1ac                ldrRemoveLast
                0x0800d344                ldrRemoveAll
                0x0800d3a8                ldrRun
                0x0800d614                ldrGetInfo
 *fill*         0x0800d71c        0x4 00
 .text          0x0800d720      0x370 /home/texzk/ChibiStudio/tools/GNU Tools ARM Embedded/4.6 2012q4/bin/../lib/gcc/arm-none-eabi/4.6.2/armv7-m/libgcc.a(_arm_addsubdf3.o)
                0x0800d720                __aeabi_drsub
                0x0800d728                __aeabi_dsub
                0x0800d728                __subdf3
                0x0800d72c                __adddf3
                0x0800d72c                __aeabi_dadd
                0x0800d9a4                __aeabi_ui2d
                0x0800d9a4                __floatunsidf
                0x0800d9c4                __floatsidf
                0x0800d9c4                __aeabi_i2d
                0x0800d9e8                __extendsfdf2
                0x0800d9e8                __aeabi_f2d
                0x0800da24                __aeabi_ul2d
                0x0800da24                __floatundidf
                0x0800da34                __floatdidf
                0x0800da34                __aeabi_l2d
 .text          0x0800da90      0x424 /home/texzk/ChibiStudio/tools/GNU Tools ARM Embedded/4.6 2012q4/bin/../lib/gcc/arm-none-eabi/4.6.2/armv7-m/libgcc.a(_arm_muldivdf3.o)
                0x0800da90                __aeabi_dmul
                0x0800da90                __muldf3
                0x0800dce4                __aeabi_ddiv
                0x0800dce4                __divdf3
 *fill*         0x0800deb4        0xc 00
 .text          0x0800dec0       0x50 /home/texzk/ChibiStudio/tools/GNU Tools ARM Embedded/4.6 2012q4/bin/../lib/gcc/arm-none-eabi/4.6.2/armv7-m/libgcc.a(_arm_fixdfsi.o)
                0x0800dec0                __fixdfsi
                0x0800dec0                __aeabi_d2iz
 .text          0x0800df10       0xa0 /home/texzk/ChibiStudio/tools/GNU Tools ARM Embedded/4.6 2012q4/bin/../lib/gcc/arm-none-eabi/4.6.2/armv7-m/libgcc.a(_arm_truncdfsf2.o)
                0x0800df10                __aeabi_d2f
                0x0800df10                __truncdfsf2
 .text          0x0800dfb0       0xec /home/texzk/ChibiStudio/tools/GNU Tools ARM Embedded/4.6 2012q4/bin/../lib/gcc/arm-none-eabi/4.6.2/armv7-m/libgcc.a(_arm_cmpsf2.o)
                0x0800dfb0                __gtsf2
                0x0800dfb0                __gesf2
                0x0800dfb8                __lesf2
                0x0800dfb8                __ltsf2
                0x0800dfc0                __nesf2
                0x0800dfc0                __eqsf2
                0x0800dfc0                __cmpsf2
                0x0800e020                __aeabi_cfrcmple
                0x0800e028                __aeabi_cfcmple
                0x0800e028                __aeabi_cfcmpeq
                0x0800e038                __aeabi_fcmpeq
                0x0800e04c                __aeabi_fcmplt
                0x0800e060                __aeabi_fcmple
                0x0800e074                __aeabi_fcmpge
                0x0800e088                __aeabi_fcmpgt
 *fill*         0x0800e09c        0x4 00
 .text          0x0800e0a0        0x0 /home/texzk/ChibiStudio/tools/GNU Tools ARM Embedded/4.6 2012q4/bin/../lib/gcc/arm-none-eabi/4.6.2/../../../../arm-none-eabi/lib/armv7-m/libc.a(lib_a-memcpy.o)
 .text          0x0800e0a0        0x0 /home/texzk/ChibiStudio/tools/GNU Tools ARM Embedded/4.6 2012q4/bin/../lib/gcc/arm-none-eabi/4.6.2/../../../../arm-none-eabi/lib/armv7-m/libc.a(lib_a-memset.o)
 .text          0x0800e0a0        0x0 /home/texzk/ChibiStudio/tools/GNU Tools ARM Embedded/4.6 2012q4/bin/../lib/gcc/arm-none-eabi/4.6.2/../../../../arm-none-eabi/lib/armv7-m/libc.a(lib_a-strcmp.o)
 .text          0x0800e0a0        0x0 /home/texzk/ChibiStudio/tools/GNU Tools ARM Embedded/4.6 2012q4/bin/../lib/gcc/arm-none-eabi/4.6.2/../../../../arm-none-eabi/lib/armv7-m/libc.a(lib_a-strlen.o)
 .text          0x0800e0a0        0x0 /home/texzk/ChibiStudio/tools/GNU Tools ARM Embedded/4.6 2012q4/bin/../lib/gcc/arm-none-eabi/4.6.2/../../../../arm-none-eabi/lib/armv7-m/libc.a(lib_a-strncmp.o)
 .text          0x0800e0a0        0x0 /home/texzk/ChibiStudio/tools/GNU Tools ARM Embedded/4.6 2012q4/bin/../lib/gcc/arm-none-eabi/4.6.2/../../../../arm-none-eabi/lib/armv7-m/libc.a(lib_a-strncpy.o)
 .text          0x0800e0a0        0x0 /home/texzk/ChibiStudio/tools/GNU Tools ARM Embedded/4.6 2012q4/bin/../lib/gcc/arm-none-eabi/4.6.2/../../../../arm-none-eabi/lib/armv7-m/libc.a(lib_a-strpbrk.o)
 .text          0x0800e0a0        0x0 /home/texzk/ChibiStudio/tools/GNU Tools ARM Embedded/4.6 2012q4/bin/../lib/gcc/arm-none-eabi/4.6.2/../../../../arm-none-eabi/lib/armv7-m/libc.a(lib_a-strspn.o)
 .text          0x0800e0a0        0x0 /home/texzk/ChibiStudio/tools/GNU Tools ARM Embedded/4.6 2012q4/bin/../lib/gcc/arm-none-eabi/4.6.2/../../../../arm-none-eabi/lib/armv7-m/libc.a(lib_a-strtol.o)
 .text          0x0800e0a0        0x0 /home/texzk/ChibiStudio/tools/GNU Tools ARM Embedded/4.6 2012q4/bin/../lib/gcc/arm-none-eabi/4.6.2/../../../../arm-none-eabi/lib/armv7-m/libc.a(lib_a-ctype_.o)
 .text          0x0800e0a0        0x0 /home/texzk/ChibiStudio/tools/GNU Tools ARM Embedded/4.6 2012q4/bin/../lib/gcc/arm-none-eabi/4.6.2/../../../../arm-none-eabi/lib/armv7-m/libc.a(lib_a-impure.o)
 *(.text.*)
 .text.memcpy   0x0800e0a0       0x84 /home/texzk/ChibiStudio/tools/GNU Tools ARM Embedded/4.6 2012q4/bin/../lib/gcc/arm-none-eabi/4.6.2/../../../../arm-none-eabi/lib/armv7-m/libc.a(lib_a-memcpy.o)
                0x0800e0a0                memcpy
 *fill*         0x0800e124        0xc 00
 .text.memset   0x0800e130       0x90 /home/texzk/ChibiStudio/tools/GNU Tools ARM Embedded/4.6 2012q4/bin/../lib/gcc/arm-none-eabi/4.6.2/../../../../arm-none-eabi/lib/armv7-m/libc.a(lib_a-memset.o)
                0x0800e130                memset
 .text.strcmp   0x0800e1c0       0x80 /home/texzk/ChibiStudio/tools/GNU Tools ARM Embedded/4.6 2012q4/bin/../lib/gcc/arm-none-eabi/4.6.2/../../../../arm-none-eabi/lib/armv7-m/libc.a(lib_a-strcmp.o)
                0x0800e1c0                strcmp
 .text.strcmp_unaligned
                0x0800e240      0x15c /home/texzk/ChibiStudio/tools/GNU Tools ARM Embedded/4.6 2012q4/bin/../lib/gcc/arm-none-eabi/4.6.2/../../../../arm-none-eabi/lib/armv7-m/libc.a(lib_a-strcmp.o)
 *fill*         0x0800e39c        0x4 00
 .text.strlen   0x0800e3a0       0x60 /home/texzk/ChibiStudio/tools/GNU Tools ARM Embedded/4.6 2012q4/bin/../lib/gcc/arm-none-eabi/4.6.2/../../../../arm-none-eabi/lib/armv7-m/libc.a(lib_a-strlen.o)
                0x0800e3a0                strlen
 .text.strncmp  0x0800e400       0xa4 /home/texzk/ChibiStudio/tools/GNU Tools ARM Embedded/4.6 2012q4/bin/../lib/gcc/arm-none-eabi/4.6.2/../../../../arm-none-eabi/lib/armv7-m/libc.a(lib_a-strncmp.o)
                0x0800e400                strncmp
 *fill*         0x0800e4a4        0xc 00
 .text.strncpy  0x0800e4b0       0x68 /home/texzk/ChibiStudio/tools/GNU Tools ARM Embedded/4.6 2012q4/bin/../lib/gcc/arm-none-eabi/4.6.2/../../../../arm-none-eabi/lib/armv7-m/libc.a(lib_a-strncpy.o)
                0x0800e4b0                strncpy
 *fill*         0x0800e518        0x8 00
 .text.strpbrk  0x0800e520       0x54 /home/texzk/ChibiStudio/tools/GNU Tools ARM Embedded/4.6 2012q4/bin/../lib/gcc/arm-none-eabi/4.6.2/../../../../arm-none-eabi/lib/armv7-m/libc.a(lib_a-strpbrk.o)
                0x0800e520                strpbrk
 *fill*         0x0800e574        0xc 00
 .text.strspn   0x0800e580       0x3c /home/texzk/ChibiStudio/tools/GNU Tools ARM Embedded/4.6 2012q4/bin/../lib/gcc/arm-none-eabi/4.6.2/../../../../arm-none-eabi/lib/armv7-m/libc.a(lib_a-strspn.o)
                0x0800e580                strspn
 *fill*         0x0800e5bc        0x4 00
 .text._strtol_r
                0x0800e5c0      0x120 /home/texzk/ChibiStudio/tools/GNU Tools ARM Embedded/4.6 2012q4/bin/../lib/gcc/arm-none-eabi/4.6.2/../../../../arm-none-eabi/lib/armv7-m/libc.a(lib_a-strtol.o)
                0x0800e5c0                _strtol_r
 .text.strtol   0x0800e6e0       0x1c /home/texzk/ChibiStudio/tools/GNU Tools ARM Embedded/4.6 2012q4/bin/../lib/gcc/arm-none-eabi/4.6.2/../../../../arm-none-eabi/lib/armv7-m/libc.a(lib_a-strtol.o)
                0x0800e6e0                strtol
 *(.rodata)
 *fill*         0x0800e6fc        0x4 00
 .rodata        0x0800e700        0x8 build/obj/chsys.o
 *fill*         0x0800e708        0x8 00
 .rodata        0x0800e710       0x58 build/obj/chdebug.o
 *fill*         0x0800e768        0x8 00
 .rodata        0x0800e770       0x34 build/obj/chvt.o
 *fill*         0x0800e7a4        0xc 00
 .rodata        0x0800e7b0       0x24 build/obj/chschd.o
 *fill*         0x0800e7d4        0xc 00
 .rodata        0x0800e7e0       0x94 build/obj/chthreads.o
 *fill*         0x0800e874        0xc 00
 .rodata        0x0800e880       0x28 build/obj/chdynamic.o
 *fill*         0x0800e8a8        0x8 00
 .rodata        0x0800e8b0       0x30 build/obj/chregistry.o
                0x0800e8b0                ch_debug
 .rodata        0x0800e8e0      0x148 build/obj/chsem.o
 *fill*         0x0800ea28        0x8 00
 .rodata        0x0800ea30       0xac build/obj/chmtx.o
 *fill*         0x0800eadc        0x4 00
 .rodata        0x0800eae0       0x90 build/obj/chevents.o
 .rodata        0x0800eb70       0x2c build/obj/chqueues.o
 *fill*         0x0800eb9c        0x4 00
 .rodata        0x0800eba0       0x10 build/obj/chmemcore.o
 .rodata        0x0800ebb0       0x34 build/obj/chheap.o
 *fill*         0x0800ebe4        0xc 00
 .rodata        0x0800ebf0      0x110 build/obj/adc.o
 .rodata        0x0800ed00      0x188 build/obj/can.o
 *fill*         0x0800ee88        0x8 00
 .rodata        0x0800ee90       0xd0 build/obj/ext.o
 .rodata        0x0800ef60      0x10c build/obj/gpt.o
 *fill*         0x0800f06c        0x4 00
 .rodata        0x0800f070       0xec build/obj/i2c.o
 *fill*         0x0800f15c        0x4 00
 .rodata        0x0800f160       0x80 build/obj/icu.o
 .rodata        0x0800f1e0       0x34 build/obj/pal.o
 *fill*         0x0800f214        0xc 00
 .rodata        0x0800f220       0xb0 build/obj/pwm.o
 .rodata        0x0800f2d0       0x80 build/obj/serial.o
 .rodata        0x0800f350      0x238 build/obj/spi.o
 *fill*         0x0800f588        0x8 00
 .rodata        0x0800f590       0x9c build/obj/stm32_dma.o
                0x0800f590                _stm32_dma_streams
 *fill*         0x0800f62c        0x4 00
 .rodata        0x0800f630       0x14 build/obj/adc_lld.o
 *fill*         0x0800f644        0xc 00
 .rodata        0x0800f650       0x14 build/obj/gpt_lld.o
 *fill*         0x0800f664        0xc 00
 .rodata        0x0800f670       0x14 build/obj/icu_lld.o
 *fill*         0x0800f684        0xc 00
 .rodata        0x0800f690       0x14 build/obj/pwm_lld.o
 *fill*         0x0800f6a4        0xc 00
 .rodata        0x0800f6b0       0x14 build/obj/pal_lld.o
 *fill*         0x0800f6c4        0xc 00
 .rodata        0x0800f6d0      0x148 build/obj/i2c_lld.o
 *fill*         0x0800f818        0x8 00
 .rodata        0x0800f820       0x28 build/obj/spi_lld.o
 *fill*         0x0800f848        0x8 00
 .rodata        0x0800f850        0xc build/obj/serial_lld.o
 *fill*         0x0800f85c        0x4 00
 .rodata        0x0800f860       0x3c build/obj/board.o
                0x0800f860                pal_default_config
 *fill*         0x0800f89c        0x4 00
 .rodata        0x0800f8a0        0xc build/obj/syscalls.o
 *fill*         0x0800f8ac        0x4 00
 .rodata        0x0800f8b0      0x234 build/obj/shell.o
 *fill*         0x0800fae4        0xc 00
 .rodata        0x0800faf0        0x8 build/obj/chprintf.o
 *fill*         0x0800faf8        0x8 00
 .rodata        0x0800fb00       0x1c build/obj/helper.o
 *fill*         0x0800fb1c        0x4 00
 .rodata        0x0800fb20      0x30c build/obj/main.o
 *fill*         0x0800fe2c        0x4 00
 .rodata        0x0800fe30      0x49c build/obj/apploader.o
 *(.rodata.*)
 *fill*         0x080102cc        0x4 00
 .rodata._ctype_
                0x080102d0      0x104 /home/texzk/ChibiStudio/tools/GNU Tools ARM Embedded/4.6 2012q4/bin/../lib/gcc/arm-none-eabi/4.6.2/../../../../arm-none-eabi/lib/armv7-m/libc.a(lib_a-ctype_.o)
                0x080102d0                _ctype_
 *fill*         0x080103d4        0xc 00
 .rodata.str1.4
                0x080103e0        0x4 /home/texzk/ChibiStudio/tools/GNU Tools ARM Embedded/4.6 2012q4/bin/../lib/gcc/arm-none-eabi/4.6.2/../../../../arm-none-eabi/lib/armv7-m/libc.a(lib_a-impure.o)
 *fill*         0x080103e4        0xc 00
 .rodata._global_impure_ptr
                0x080103f0        0x4 /home/texzk/ChibiStudio/tools/GNU Tools ARM Embedded/4.6 2012q4/bin/../lib/gcc/arm-none-eabi/4.6.2/../../../../arm-none-eabi/lib/armv7-m/libc.a(lib_a-impure.o)
                0x080103f0                _global_impure_ptr
 *(.glue_7t)
 .glue_7t       0x00000000        0x0 linker stubs
 *(.glue_7)
 .glue_7        0x00000000        0x0 linker stubs
 *(.gcc*)

.vfp11_veneer   0x080103f4        0x0
 .vfp11_veneer  0x00000000        0x0 linker stubs

.v4_bx          0x080103f4        0x0
 .v4_bx         0x00000000        0x0 linker stubs

.ARM.extab
 *(.ARM.extab* .gnu.linkonce.armextab.*)

.ARM.exidx      0x080103f4        0x0
                0x080103f4                PROVIDE (__exidx_start, .)
 *(.ARM.exidx* .gnu.linkonce.armexidx.*)
                0x080103f4                PROVIDE (__exidx_end, .)

.eh_frame_hdr
 *(.eh_frame_hdr)

.eh_frame
 *(.eh_frame)

.textalign      0x080103f4        0xc
                0x08010400                . = ALIGN (0x10)
 *fill*         0x080103f4        0xc 00
                0x08010400                _etext = .
                0x08010400                _textdata = _etext

.stacks         0x20000000      0x800
                0x20000000                . = ALIGN (0x8)
                0x20000000                __main_stack_base__ = .
                0x20000400                . = (. + __main_stack_size__)
 *fill*         0x20000000      0x400 00
                0x20000400                . = ALIGN (0x8)
                0x20000400                __main_stack_end__ = .
                0x20000400                __process_stack_base__ = .
                0x20000400                __main_thread_stack_base__ = .
                0x20000800                . = (. + __process_stack_size__)
 *fill*         0x20000400      0x400 00
                0x20000800                . = ALIGN (0x8)
                0x20000800                __process_stack_end__ = .
                0x20000800                __main_thread_stack_end__ = .

.data           0x20000800      0x484 load address 0x08010400
                0x20000800                . = ALIGN (0x4)
                0x20000800                PROVIDE (_data, .)
 *(.data)
 .data          0x20000800        0x0 build/obj/crt0.o
 .data          0x20000800        0x0 build/obj/vectors.o
 .data          0x20000800        0x0 build/obj/chcore.o
 .data          0x20000800        0x0 build/obj/chcore_v7m.o
 .data          0x20000800        0x0 build/obj/nvic.o
 .data          0x20000800        0x0 build/obj/chsys.o
 .data          0x20000800        0x0 build/obj/chdebug.o
 .data          0x20000800        0x0 build/obj/chlists.o
 .data          0x20000800        0x0 build/obj/chvt.o
 .data          0x20000800        0x0 build/obj/chschd.o
 .data          0x20000800        0x0 build/obj/chthreads.o
 .data          0x20000800        0x0 build/obj/chdynamic.o
 .data          0x20000800        0x0 build/obj/chregistry.o
 .data          0x20000800        0x0 build/obj/chsem.o
 .data          0x20000800        0x0 build/obj/chmtx.o
 .data          0x20000800        0x0 build/obj/chcond.o
 .data          0x20000800        0x0 build/obj/chevents.o
 .data          0x20000800        0x0 build/obj/chmsg.o
 .data          0x20000800        0x0 build/obj/chmboxes.o
 .data          0x20000800        0x0 build/obj/chqueues.o
 .data          0x20000800        0x0 build/obj/chmemcore.o
 .data          0x20000800        0x0 build/obj/chheap.o
 .data          0x20000800        0x0 build/obj/chmempools.o
 .data          0x20000800        0x0 build/obj/hal.o
 .data          0x20000800        0x0 build/obj/adc.o
 .data          0x20000800        0x0 build/obj/can.o
 .data          0x20000800        0x0 build/obj/ext.o
 .data          0x20000800        0x0 build/obj/gpt.o
 .data          0x20000800        0x0 build/obj/i2c.o
 .data          0x20000800        0x0 build/obj/icu.o
 .data          0x20000800        0x0 build/obj/mac.o
 .data          0x20000800        0x0 build/obj/mmc_spi.o
 .data          0x20000800        0x0 build/obj/mmcsd.o
 .data          0x20000800        0x0 build/obj/pal.o
 .data          0x20000800        0x0 build/obj/pwm.o
 .data          0x20000800        0x0 build/obj/rtc.o
 .data          0x20000800        0x0 build/obj/sdc.o
 .data          0x20000800        0x0 build/obj/serial.o
 .data          0x20000800        0x0 build/obj/serial_usb.o
 .data          0x20000800        0x0 build/obj/spi.o
 .data          0x20000800        0x0 build/obj/tm.o
 .data          0x20000800        0x0 build/obj/uart.o
 .data          0x20000800        0x0 build/obj/usb.o
 .data          0x20000800        0x0 build/obj/stm32_dma.o
 .data          0x20000800        0x0 build/obj/hal_lld.o
 .data          0x20000800        0x0 build/obj/adc_lld.o
 .data          0x20000800        0x0 build/obj/ext_lld_isr.o
 .data          0x20000800        0x0 build/obj/can_lld.o
 .data          0x20000800        0x0 build/obj/ext_lld.o
 .data          0x20000800        0x0 build/obj/gpt_lld.o
 .data          0x20000800        0x0 build/obj/icu_lld.o
 .data          0x20000800        0x0 build/obj/mac_lld.o
 .data          0x20000800        0x0 build/obj/pwm_lld.o
 .data          0x20000800        0x0 build/obj/sdc_lld.o
 .data          0x20000800        0x0 build/obj/pal_lld.o
 .data          0x20000800        0x0 build/obj/i2c_lld.o
 .data          0x20000800        0x0 build/obj/rtc_lld.o
 .data          0x20000800        0x0 build/obj/spi_lld.o
 .data          0x20000800        0x0 build/obj/serial_lld.o
 .data          0x20000800        0x0 build/obj/uart_lld.o
 .data          0x20000800        0x0 build/obj/usb_lld.o
 .data          0x20000800        0x0 build/obj/board.o
 .data          0x20000800        0x0 build/obj/syscalls.o
 .data          0x20000800       0x18 build/obj/shell.o
 .data          0x20000818        0x0 build/obj/chprintf.o
 .data          0x20000818        0x0 build/obj/flash.o
 .data          0x20000818        0x0 build/obj/helper.o
 .data          0x20000818        0x0 build/obj/ihex.o
 .data          0x20000818       0x3c build/obj/main.o
 .data          0x20000854        0x0 build/obj/print.o
 .data          0x20000854        0x0 build/obj/apploader.o
 .data          0x20000854        0x0 /home/texzk/ChibiStudio/tools/GNU Tools ARM Embedded/4.6 2012q4/bin/../lib/gcc/arm-none-eabi/4.6.2/armv7-m/libgcc.a(_arm_addsubdf3.o)
 .data          0x20000854        0x0 /home/texzk/ChibiStudio/tools/GNU Tools ARM Embedded/4.6 2012q4/bin/../lib/gcc/arm-none-eabi/4.6.2/armv7-m/libgcc.a(_arm_muldivdf3.o)
 .data          0x20000854        0x0 /home/texzk/ChibiStudio/tools/GNU Tools ARM Embedded/4.6 2012q4/bin/../lib/gcc/arm-none-eabi/4.6.2/armv7-m/libgcc.a(_arm_fixdfsi.o)
 .data          0x20000854        0x0 /home/texzk/ChibiStudio/tools/GNU Tools ARM Embedded/4.6 2012q4/bin/../lib/gcc/arm-none-eabi/4.6.2/armv7-m/libgcc.a(_arm_truncdfsf2.o)
 .data          0x20000854        0x0 /home/texzk/ChibiStudio/tools/GNU Tools ARM Embedded/4.6 2012q4/bin/../lib/gcc/arm-none-eabi/4.6.2/armv7-m/libgcc.a(_arm_cmpsf2.o)
 .data          0x20000854        0x0 /home/texzk/ChibiStudio/tools/GNU Tools ARM Embedded/4.6 2012q4/bin/../lib/gcc/arm-none-eabi/4.6.2/../../../../arm-none-eabi/lib/armv7-m/libc.a(lib_a-memcpy.o)
 .data          0x20000854        0x0 /home/texzk/ChibiStudio/tools/GNU Tools ARM Embedded/4.6 2012q4/bin/../lib/gcc/arm-none-eabi/4.6.2/../../../../arm-none-eabi/lib/armv7-m/libc.a(lib_a-memset.o)
 .data          0x20000854        0x0 /home/texzk/ChibiStudio/tools/GNU Tools ARM Embedded/4.6 2012q4/bin/../lib/gcc/arm-none-eabi/4.6.2/../../../../arm-none-eabi/lib/armv7-m/libc.a(lib_a-strcmp.o)
 .data          0x20000854        0x0 /home/texzk/ChibiStudio/tools/GNU Tools ARM Embedded/4.6 2012q4/bin/../lib/gcc/arm-none-eabi/4.6.2/../../../../arm-none-eabi/lib/armv7-m/libc.a(lib_a-strlen.o)
 .data          0x20000854        0x0 /home/texzk/ChibiStudio/tools/GNU Tools ARM Embedded/4.6 2012q4/bin/../lib/gcc/arm-none-eabi/4.6.2/../../../../arm-none-eabi/lib/armv7-m/libc.a(lib_a-strncmp.o)
 .data          0x20000854        0x0 /home/texzk/ChibiStudio/tools/GNU Tools ARM Embedded/4.6 2012q4/bin/../lib/gcc/arm-none-eabi/4.6.2/../../../../arm-none-eabi/lib/armv7-m/libc.a(lib_a-strncpy.o)
 .data          0x20000854        0x0 /home/texzk/ChibiStudio/tools/GNU Tools ARM Embedded/4.6 2012q4/bin/../lib/gcc/arm-none-eabi/4.6.2/../../../../arm-none-eabi/lib/armv7-m/libc.a(lib_a-strpbrk.o)
 .data          0x20000854        0x0 /home/texzk/ChibiStudio/tools/GNU Tools ARM Embedded/4.6 2012q4/bin/../lib/gcc/arm-none-eabi/4.6.2/../../../../arm-none-eabi/lib/armv7-m/libc.a(lib_a-strspn.o)
 .data          0x20000854        0x0 /home/texzk/ChibiStudio/tools/GNU Tools ARM Embedded/4.6 2012q4/bin/../lib/gcc/arm-none-eabi/4.6.2/../../../../arm-none-eabi/lib/armv7-m/libc.a(lib_a-strtol.o)
 .data          0x20000854        0x0 /home/texzk/ChibiStudio/tools/GNU Tools ARM Embedded/4.6 2012q4/bin/../lib/gcc/arm-none-eabi/4.6.2/../../../../arm-none-eabi/lib/armv7-m/libc.a(lib_a-ctype_.o)
 .data          0x20000854        0x0 /home/texzk/ChibiStudio/tools/GNU Tools ARM Embedded/4.6 2012q4/bin/../lib/gcc/arm-none-eabi/4.6.2/../../../../arm-none-eabi/lib/armv7-m/libc.a(lib_a-impure.o)
                0x20000854                . = ALIGN (0x4)
 *(.data.*)
 .data.__ctype_ptr__
                0x20000854        0x4 /home/texzk/ChibiStudio/tools/GNU Tools ARM Embedded/4.6 2012q4/bin/../lib/gcc/arm-none-eabi/4.6.2/../../../../arm-none-eabi/lib/armv7-m/libc.a(lib_a-ctype_.o)
                0x20000854                __ctype_ptr__
 .data.impure_data
                0x20000858      0x428 /home/texzk/ChibiStudio/tools/GNU Tools ARM Embedded/4.6 2012q4/bin/../lib/gcc/arm-none-eabi/4.6.2/../../../../arm-none-eabi/lib/armv7-m/libc.a(lib_a-impure.o)
 .data._impure_ptr
                0x20000c80        0x4 /home/texzk/ChibiStudio/tools/GNU Tools ARM Embedded/4.6 2012q4/bin/../lib/gcc/arm-none-eabi/4.6.2/../../../../arm-none-eabi/lib/armv7-m/libc.a(lib_a-impure.o)
                0x20000c80                _impure_ptr
                0x20000c84                . = ALIGN (0x4)
 *(.ramtext)
                0x20000c84                . = ALIGN (0x4)
                0x20000c84                PROVIDE (_edata, .)

.bss            0x20000c88     0x1354 load address 0x08010888
                0x20000c88                . = ALIGN (0x4)
                0x20000c88                PROVIDE (_bss_start, .)
 *(.bss)
 .bss           0x20000c88        0x0 build/obj/crt0.o
 .bss           0x20000c88        0x0 build/obj/vectors.o
 .bss           0x20000c88        0x0 build/obj/chcore.o
 .bss           0x20000c88        0x0 build/obj/chcore_v7m.o
 .bss           0x20000c88        0x0 build/obj/nvic.o
 .bss           0x20000c88       0x3c build/obj/chsys.o
 .bss           0x20000cc4        0x0 build/obj/chdebug.o
 .bss           0x20000cc4        0x0 build/obj/chlists.o
 .bss           0x20000cc4        0x0 build/obj/chvt.o
 .bss           0x20000cc4        0x0 build/obj/chschd.o
 .bss           0x20000cc4        0x0 build/obj/chthreads.o
 .bss           0x20000cc4        0x0 build/obj/chdynamic.o
 .bss           0x20000cc4        0x0 build/obj/chregistry.o
 .bss           0x20000cc4        0x0 build/obj/chsem.o
 .bss           0x20000cc4        0x0 build/obj/chmtx.o
 .bss           0x20000cc4        0x0 build/obj/chcond.o
 .bss           0x20000cc4        0x0 build/obj/chevents.o
 .bss           0x20000cc4        0x0 build/obj/chmsg.o
 .bss           0x20000cc4        0x0 build/obj/chmboxes.o
 .bss           0x20000cc4        0x0 build/obj/chqueues.o
 .bss           0x20000cc4        0xc build/obj/chmemcore.o
 .bss           0x20000cd0       0x20 build/obj/chheap.o
 .bss           0x20000cf0        0x0 build/obj/chmempools.o
 .bss           0x20000cf0        0x0 build/obj/hal.o
 .bss           0x20000cf0        0x0 build/obj/adc.o
 .bss           0x20000cf0        0x0 build/obj/can.o
 .bss           0x20000cf0        0x0 build/obj/ext.o
 .bss           0x20000cf0        0x0 build/obj/gpt.o
 .bss           0x20000cf0        0x0 build/obj/i2c.o
 .bss           0x20000cf0        0x0 build/obj/icu.o
 .bss           0x20000cf0        0x0 build/obj/mac.o
 .bss           0x20000cf0        0x0 build/obj/mmc_spi.o
 .bss           0x20000cf0        0x0 build/obj/mmcsd.o
 .bss           0x20000cf0        0x0 build/obj/pal.o
 .bss           0x20000cf0        0x0 build/obj/pwm.o
 .bss           0x20000cf0        0x0 build/obj/rtc.o
 .bss           0x20000cf0        0x0 build/obj/sdc.o
 .bss           0x20000cf0        0x0 build/obj/serial.o
 .bss           0x20000cf0        0x0 build/obj/serial_usb.o
 .bss           0x20000cf0        0x0 build/obj/spi.o
 .bss           0x20000cf0        0x0 build/obj/tm.o
 .bss           0x20000cf0        0x0 build/obj/uart.o
 .bss           0x20000cf0        0x0 build/obj/usb.o
 .bss           0x20000cf0       0x3c build/obj/stm32_dma.o
 .bss           0x20000d2c        0x0 build/obj/hal_lld.o
 .bss           0x20000d2c        0x0 build/obj/adc_lld.o
 .bss           0x20000d2c        0x0 build/obj/ext_lld_isr.o
 .bss           0x20000d2c        0x0 build/obj/can_lld.o
 .bss           0x20000d2c        0x0 build/obj/ext_lld.o
 .bss           0x20000d2c        0x0 build/obj/gpt_lld.o
 .bss           0x20000d2c        0x0 build/obj/icu_lld.o
 .bss           0x20000d2c        0x0 build/obj/mac_lld.o
 .bss           0x20000d2c        0x0 build/obj/pwm_lld.o
 .bss           0x20000d2c        0x0 build/obj/sdc_lld.o
 .bss           0x20000d2c        0x0 build/obj/pal_lld.o
 .bss           0x20000d2c        0x0 build/obj/i2c_lld.o
 .bss           0x20000d2c        0x0 build/obj/rtc_lld.o
 .bss           0x20000d2c        0x4 build/obj/spi_lld.o
 .bss           0x20000d30        0x0 build/obj/serial_lld.o
 .bss           0x20000d30        0x0 build/obj/uart_lld.o
 .bss           0x20000d30        0x0 build/obj/usb_lld.o
 .bss           0x20000d30        0x0 build/obj/board.o
 .bss           0x20000d30        0x0 build/obj/syscalls.o
 .bss           0x20000d30        0x0 build/obj/shell.o
 .bss           0x20000d30        0x0 build/obj/chprintf.o
 .bss           0x20000d30        0x0 build/obj/flash.o
 .bss           0x20000d30        0x0 build/obj/helper.o
 .bss           0x20000d30        0x0 build/obj/ihex.o
 .bss           0x20000d30      0x770 build/obj/main.o
                0x20000e50                app_threads
 .bss           0x200014a0        0x0 build/obj/print.o
 .bss           0x200014a0        0x0 build/obj/apploader.o
 .bss           0x200014a0        0x0 /home/texzk/ChibiStudio/tools/GNU Tools ARM Embedded/4.6 2012q4/bin/../lib/gcc/arm-none-eabi/4.6.2/armv7-m/libgcc.a(_arm_addsubdf3.o)
 .bss           0x200014a0        0x0 /home/texzk/ChibiStudio/tools/GNU Tools ARM Embedded/4.6 2012q4/bin/../lib/gcc/arm-none-eabi/4.6.2/armv7-m/libgcc.a(_arm_muldivdf3.o)
 .bss           0x200014a0        0x0 /home/texzk/ChibiStudio/tools/GNU Tools ARM Embedded/4.6 2012q4/bin/../lib/gcc/arm-none-eabi/4.6.2/armv7-m/libgcc.a(_arm_fixdfsi.o)
 .bss           0x200014a0        0x0 /home/texzk/ChibiStudio/tools/GNU Tools ARM Embedded/4.6 2012q4/bin/../lib/gcc/arm-none-eabi/4.6.2/armv7-m/libgcc.a(_arm_truncdfsf2.o)
 .bss           0x200014a0        0x0 /home/texzk/ChibiStudio/tools/GNU Tools ARM Embedded/4.6 2012q4/bin/../lib/gcc/arm-none-eabi/4.6.2/armv7-m/libgcc.a(_arm_cmpsf2.o)
 .bss           0x200014a0        0x0 /home/texzk/ChibiStudio/tools/GNU Tools ARM Embedded/4.6 2012q4/bin/../lib/gcc/arm-none-eabi/4.6.2/../../../../arm-none-eabi/lib/armv7-m/libc.a(lib_a-memcpy.o)
 .bss           0x200014a0        0x0 /home/texzk/ChibiStudio/tools/GNU Tools ARM Embedded/4.6 2012q4/bin/../lib/gcc/arm-none-eabi/4.6.2/../../../../arm-none-eabi/lib/armv7-m/libc.a(lib_a-memset.o)
 .bss           0x200014a0        0x0 /home/texzk/ChibiStudio/tools/GNU Tools ARM Embedded/4.6 2012q4/bin/../lib/gcc/arm-none-eabi/4.6.2/../../../../arm-none-eabi/lib/armv7-m/libc.a(lib_a-strcmp.o)
 .bss           0x200014a0        0x0 /home/texzk/ChibiStudio/tools/GNU Tools ARM Embedded/4.6 2012q4/bin/../lib/gcc/arm-none-eabi/4.6.2/../../../../arm-none-eabi/lib/armv7-m/libc.a(lib_a-strlen.o)
 .bss           0x200014a0        0x0 /home/texzk/ChibiStudio/tools/GNU Tools ARM Embedded/4.6 2012q4/bin/../lib/gcc/arm-none-eabi/4.6.2/../../../../arm-none-eabi/lib/armv7-m/libc.a(lib_a-strncmp.o)
 .bss           0x200014a0        0x0 /home/texzk/ChibiStudio/tools/GNU Tools ARM Embedded/4.6 2012q4/bin/../lib/gcc/arm-none-eabi/4.6.2/../../../../arm-none-eabi/lib/armv7-m/libc.a(lib_a-strncpy.o)
 .bss           0x200014a0        0x0 /home/texzk/ChibiStudio/tools/GNU Tools ARM Embedded/4.6 2012q4/bin/../lib/gcc/arm-none-eabi/4.6.2/../../../../arm-none-eabi/lib/armv7-m/libc.a(lib_a-strpbrk.o)
 .bss           0x200014a0        0x0 /home/texzk/ChibiStudio/tools/GNU Tools ARM Embedded/4.6 2012q4/bin/../lib/gcc/arm-none-eabi/4.6.2/../../../../arm-none-eabi/lib/armv7-m/libc.a(lib_a-strspn.o)
 .bss           0x200014a0        0x0 /home/texzk/ChibiStudio/tools/GNU Tools ARM Embedded/4.6 2012q4/bin/../lib/gcc/arm-none-eabi/4.6.2/../../../../arm-none-eabi/lib/armv7-m/libc.a(lib_a-strtol.o)
 .bss           0x200014a0        0x0 /home/texzk/ChibiStudio/tools/GNU Tools ARM Embedded/4.6 2012q4/bin/../lib/gcc/arm-none-eabi/4.6.2/../../../../arm-none-eabi/lib/armv7-m/libc.a(lib_a-ctype_.o)
 .bss           0x200014a0        0x0 /home/texzk/ChibiStudio/tools/GNU Tools ARM Embedded/4.6 2012q4/bin/../lib/gcc/arm-none-eabi/4.6.2/../../../../arm-none-eabi/lib/armv7-m/libc.a(lib_a-impure.o)
                0x200014a0                . = ALIGN (0x4)
 *(.bss.*)
                0x200014a0                . = ALIGN (0x4)
 *(COMMON)
 COMMON         0x200014a0       0xb0 build/obj/chsys.o
                0x200014a0                _idle_thread_wa
 COMMON         0x20001550      0x414 build/obj/chdebug.o
                0x20001550                dbg_trace_buffer
                0x20001958                dbg_panic_msg
                0x2000195c                dbg_isr_cnt
                0x20001960                dbg_lock_cnt
 COMMON         0x20001964       0x10 build/obj/chvt.o
                0x20001964                vtlist
 COMMON         0x20001974       0x1c build/obj/chschd.o
                0x20001974                rlist
 COMMON         0x20001990       0x34 build/obj/adc_lld.o
                0x20001990                ADCD1
 COMMON         0x200019c4       0x38 build/obj/can_lld.o
                0x200019c4                CAND1
 COMMON         0x200019fc        0x8 build/obj/ext_lld.o
                0x200019fc                EXTD1
 COMMON         0x20001a04       0x10 build/obj/gpt_lld.o
                0x20001a04                GPTD3
 COMMON         0x20001a14       0x18 build/obj/icu_lld.o
                0x20001a14                ICUD4
 COMMON         0x20001a2c       0x14 build/obj/pwm_lld.o
                0x20001a2c                PWMD2
 COMMON         0x20001a40       0x38 build/obj/i2c_lld.o
                0x20001a40                I2CD1
 COMMON         0x20001a78       0x30 build/obj/spi_lld.o
                0x20001a78                SPID1
 COMMON         0x20001aa8      0x4b0 build/obj/serial_lld.o
                0x20001aa8                SD3
                0x20001d00                SD1
 COMMON         0x20001f58        0x4 build/obj/shell.o
                0x20001f58                shell_terminated
 COMMON         0x20001f5c       0x80 build/obj/main.o
                0x20001f5c                app_loader
                0x20001fac                app_loadercfg
                0x20001fdc                . = ALIGN (0x4)
                0x20001fdc                PROVIDE (_bss_end, .)
                0x20001fdc                PROVIDE (end, .)
                0x20001fdc                _end = .
                0x20001fdc                __heap_base__ = _end
                0x20005000                __heap_end__ = __ram_end__
                0x08010884                __apppgm_base__ = (_textdata + (_edata - _data))
                0x0801fc00                __apppgm_end__ = __appcfg_start__
OUTPUT(build/ch.elf elf32-littlearm)

.debug_info     0x00000000    0x1ae13
 .debug_info    0x00000000      0x342 build/obj/crt0.o
 .debug_info    0x00000342      0x1ec build/obj/vectors.o
 .debug_info    0x0000052e       0x8b build/obj/chcore.o
 .debug_info    0x000005b9      0x7c8 build/obj/chcore_v7m.o
 .debug_info    0x00000d81      0x430 build/obj/nvic.o
 .debug_info    0x000011b1      0x7af build/obj/chsys.o
 .debug_info    0x00001960      0x7fd build/obj/chdebug.o
 .debug_info    0x0000215d       0x76 build/obj/chlists.o
 .debug_info    0x000021d3      0x26d build/obj/chvt.o
 .debug_info    0x00002440      0x7ea build/obj/chschd.o
 .debug_info    0x00002c2a      0xa64 build/obj/chthreads.o
 .debug_info    0x0000368e      0x61d build/obj/chdynamic.o
 .debug_info    0x00003cab      0x646 build/obj/chregistry.o
 .debug_info    0x000042f1      0x8b2 build/obj/chsem.o
 .debug_info    0x00004ba3      0x7ef build/obj/chmtx.o
 .debug_info    0x00005392       0x76 build/obj/chcond.o
 .debug_info    0x00005408      0xa4e build/obj/chevents.o
 .debug_info    0x00005e56       0x76 build/obj/chmsg.o
 .debug_info    0x00005ecc       0x76 build/obj/chmboxes.o
 .debug_info    0x00005f42      0xa6b build/obj/chqueues.o
 .debug_info    0x000069ad      0x30a build/obj/chmemcore.o
 .debug_info    0x00006cb7      0x618 build/obj/chheap.o
 .debug_info    0x000072cf       0x76 build/obj/chmempools.o
 .debug_info    0x00007345      0x2af build/obj/hal.o
 .debug_info    0x000075f4      0xc4d build/obj/adc.o
 .debug_info    0x00008241     0x1202 build/obj/can.o
 .debug_info    0x00009443      0x3d8 build/obj/ext.o
 .debug_info    0x0000981b      0x71c build/obj/gpt.o
 .debug_info    0x00009f37      0xa83 build/obj/i2c.o
 .debug_info    0x0000a9ba      0x60a build/obj/icu.o
 .debug_info    0x0000afc4       0xa2 build/obj/mac.o
 .debug_info    0x0000b066       0xa2 build/obj/mmc_spi.o
 .debug_info    0x0000b108       0xa2 build/obj/mmcsd.o
 .debug_info    0x0000b1aa      0x23f build/obj/pal.o
 .debug_info    0x0000b3e9      0x68e build/obj/pwm.o
 .debug_info    0x0000ba77       0xa2 build/obj/rtc.o
 .debug_info    0x0000bb19       0xa2 build/obj/sdc.o
 .debug_info    0x0000bbbb      0xc71 build/obj/serial.o
 .debug_info    0x0000c82c       0xa2 build/obj/serial_usb.o
 .debug_info    0x0000c8ce      0xe0d build/obj/spi.o
 .debug_info    0x0000d6db       0xa2 build/obj/tm.o
 .debug_info    0x0000d77d       0xa2 build/obj/uart.o
 .debug_info    0x0000d81f       0xa2 build/obj/usb.o
 .debug_info    0x0000d8c1      0x639 build/obj/stm32_dma.o
 .debug_info    0x0000defa      0x3a8 build/obj/hal_lld.o
 .debug_info    0x0000e2a2      0xb9b build/obj/adc_lld.o
 .debug_info    0x0000ee3d      0x495 build/obj/ext_lld_isr.o
 .debug_info    0x0000f2d2     0x11f9 build/obj/can_lld.o
 .debug_info    0x000104cb      0x3be build/obj/ext_lld.o
 .debug_info    0x00010889      0x724 build/obj/gpt_lld.o
 .debug_info    0x00010fad      0x7ab build/obj/icu_lld.o
 .debug_info    0x00011758       0xa2 build/obj/mac_lld.o
 .debug_info    0x000117fa      0x7be build/obj/pwm_lld.o
 .debug_info    0x00011fb8       0xa2 build/obj/sdc_lld.o
 .debug_info    0x0001205a      0x393 build/obj/pal_lld.o
 .debug_info    0x000123ed     0x115d build/obj/i2c_lld.o
 .debug_info    0x0001354a       0xa2 build/obj/rtc_lld.o
 .debug_info    0x000135ec      0xbfa build/obj/spi_lld.o
 .debug_info    0x000141e6      0xe1a build/obj/serial_lld.o
 .debug_info    0x00015000       0xa2 build/obj/uart_lld.o
 .debug_info    0x000150a2       0xa2 build/obj/usb_lld.o
 .debug_info    0x00015144      0x407 build/obj/board.o
 .debug_info    0x0001554b      0xcc8 build/obj/syscalls.o
 .debug_info    0x00016213      0xb58 build/obj/shell.o
 .debug_info    0x00016d6b      0x40f build/obj/chprintf.o
 .debug_info    0x0001717a      0x3bb build/obj/flash.o
 .debug_info    0x00017535      0x5c6 build/obj/helper.o
 .debug_info    0x00017afb      0x2f7 build/obj/ihex.o
 .debug_info    0x00017df2     0x133d build/obj/main.o
 .debug_info    0x0001912f      0x971 build/obj/print.o
 .debug_info    0x00019aa0     0x1373 build/obj/apploader.o

.debug_abbrev   0x00000000     0x552c
 .debug_abbrev  0x00000000       0xba build/obj/crt0.o
 .debug_abbrev  0x000000ba       0xaa build/obj/vectors.o
 .debug_abbrev  0x00000164       0x3d build/obj/chcore.o
 .debug_abbrev  0x000001a1      0x181 build/obj/chcore_v7m.o
 .debug_abbrev  0x00000322       0xe8 build/obj/nvic.o
 .debug_abbrev  0x0000040a      0x16c build/obj/chsys.o
 .debug_abbrev  0x00000576      0x1ab build/obj/chdebug.o
 .debug_abbrev  0x00000721       0x28 build/obj/chlists.o
 .debug_abbrev  0x00000749      0x12a build/obj/chvt.o
 .debug_abbrev  0x00000873      0x1e4 build/obj/chschd.o
 .debug_abbrev  0x00000a57      0x1fa build/obj/chthreads.o
 .debug_abbrev  0x00000c51      0x18a build/obj/chdynamic.o
 .debug_abbrev  0x00000ddb      0x144 build/obj/chregistry.o
 .debug_abbrev  0x00000f1f      0x1c1 build/obj/chsem.o
 .debug_abbrev  0x000010e0      0x1b2 build/obj/chmtx.o
 .debug_abbrev  0x00001292       0x28 build/obj/chcond.o
 .debug_abbrev  0x000012ba      0x1d2 build/obj/chevents.o
 .debug_abbrev  0x0000148c       0x28 build/obj/chmsg.o
 .debug_abbrev  0x000014b4       0x28 build/obj/chmboxes.o
 .debug_abbrev  0x000014dc      0x1e0 build/obj/chqueues.o
 .debug_abbrev  0x000016bc       0xec build/obj/chmemcore.o
 .debug_abbrev  0x000017a8      0x174 build/obj/chheap.o
 .debug_abbrev  0x0000191c       0x28 build/obj/chmempools.o
 .debug_abbrev  0x00001944      0x11c build/obj/hal.o
 .debug_abbrev  0x00001a60      0x1e2 build/obj/adc.o
 .debug_abbrev  0x00001c42      0x252 build/obj/can.o
 .debug_abbrev  0x00001e94      0x13c build/obj/ext.o
 .debug_abbrev  0x00001fd0      0x18b build/obj/gpt.o
 .debug_abbrev  0x0000215b      0x1ce build/obj/i2c.o
 .debug_abbrev  0x00002329      0x165 build/obj/icu.o
 .debug_abbrev  0x0000248e       0x4d build/obj/mac.o
 .debug_abbrev  0x000024db       0x4d build/obj/mmc_spi.o
 .debug_abbrev  0x00002528       0x4d build/obj/mmcsd.o
 .debug_abbrev  0x00002575       0xf8 build/obj/pal.o
 .debug_abbrev  0x0000266d      0x165 build/obj/pwm.o
 .debug_abbrev  0x000027d2       0x4d build/obj/rtc.o
 .debug_abbrev  0x0000281f       0x4d build/obj/sdc.o
 .debug_abbrev  0x0000286c      0x205 build/obj/serial.o
 .debug_abbrev  0x00002a71       0x4d build/obj/serial_usb.o
 .debug_abbrev  0x00002abe      0x1ec build/obj/spi.o
 .debug_abbrev  0x00002caa       0x4d build/obj/tm.o
 .debug_abbrev  0x00002cf7       0x4d build/obj/uart.o
 .debug_abbrev  0x00002d44       0x4d build/obj/usb.o
 .debug_abbrev  0x00002d91      0x177 build/obj/stm32_dma.o
 .debug_abbrev  0x00002f08       0xd0 build/obj/hal_lld.o
 .debug_abbrev  0x00002fd8      0x1ca build/obj/adc_lld.o
 .debug_abbrev  0x000031a2      0x177 build/obj/ext_lld_isr.o
 .debug_abbrev  0x00003319      0x290 build/obj/can_lld.o
 .debug_abbrev  0x000035a9      0x18b build/obj/ext_lld.o
 .debug_abbrev  0x00003734      0x1aa build/obj/gpt_lld.o
 .debug_abbrev  0x000038de      0x1dc build/obj/icu_lld.o
 .debug_abbrev  0x00003aba       0x4d build/obj/mac_lld.o
 .debug_abbrev  0x00003b07      0x1d1 build/obj/pwm_lld.o
 .debug_abbrev  0x00003cd8       0x4d build/obj/sdc_lld.o
 .debug_abbrev  0x00003d25      0x116 build/obj/pal_lld.o
 .debug_abbrev  0x00003e3b      0x270 build/obj/i2c_lld.o
 .debug_abbrev  0x000040ab       0x4d build/obj/rtc_lld.o
 .debug_abbrev  0x000040f8      0x21d build/obj/spi_lld.o
 .debug_abbrev  0x00004315      0x231 build/obj/serial_lld.o
 .debug_abbrev  0x00004546       0x4d build/obj/uart_lld.o
 .debug_abbrev  0x00004593       0x4d build/obj/usb_lld.o
 .debug_abbrev  0x000045e0      0x126 build/obj/board.o
 .debug_abbrev  0x00004706      0x1a1 build/obj/syscalls.o
 .debug_abbrev  0x000048a7      0x1da build/obj/shell.o
 .debug_abbrev  0x00004a81      0x133 build/obj/chprintf.o
 .debug_abbrev  0x00004bb4      0x105 build/obj/flash.o
 .debug_abbrev  0x00004cb9      0x186 build/obj/helper.o
 .debug_abbrev  0x00004e3f       0xdc build/obj/ihex.o
 .debug_abbrev  0x00004f1b      0x22d build/obj/main.o
 .debug_abbrev  0x00005148      0x1b2 build/obj/print.o
 .debug_abbrev  0x000052fa      0x232 build/obj/apploader.o

.debug_loc      0x00000000     0x5ad0
 .debug_loc     0x00000000       0x58 build/obj/crt0.o
 .debug_loc     0x00000058       0x2c build/obj/chcore.o
 .debug_loc     0x00000084       0xf4 build/obj/chcore_v7m.o
 .debug_loc     0x00000178       0xa8 build/obj/nvic.o
 .debug_loc     0x00000220       0xa8 build/obj/chsys.o
 .debug_loc     0x000002c8      0x280 build/obj/chdebug.o
 .debug_loc     0x00000548       0xd4 build/obj/chvt.o
 .debug_loc     0x0000061c      0x27c build/obj/chschd.o
 .debug_loc     0x00000898      0x33c build/obj/chthreads.o
 .debug_loc     0x00000bd4       0xa8 build/obj/chdynamic.o
 .debug_loc     0x00000c7c       0x70 build/obj/chregistry.o
 .debug_loc     0x00000cec      0x310 build/obj/chsem.o
 .debug_loc     0x00000ffc      0x268 build/obj/chmtx.o
 .debug_loc     0x00001264      0x310 build/obj/chevents.o
 .debug_loc     0x00001574      0x2d8 build/obj/chqueues.o
 .debug_loc     0x0000184c      0x1a8 build/obj/chmemcore.o
 .debug_loc     0x000019f4      0x10c build/obj/chheap.o
 .debug_loc     0x00001b00       0x9c build/obj/hal.o
 .debug_loc     0x00001b9c      0x25c build/obj/adc.o
 .debug_loc     0x00001df8      0x3e4 build/obj/can.o
 .debug_loc     0x000021dc      0x17c build/obj/ext.o
 .debug_loc     0x00002358      0x294 build/obj/gpt.o
 .debug_loc     0x000025ec      0x1ec build/obj/i2c.o
 .debug_loc     0x000027d8      0x144 build/obj/icu.o
 .debug_loc     0x0000291c       0xa8 build/obj/pal.o
 .debug_loc     0x000029c4      0x17c build/obj/pwm.o
 .debug_loc     0x00002b40      0x304 build/obj/serial.o
 .debug_loc     0x00002e44      0x374 build/obj/spi.o
 .debug_loc     0x000031b8      0x230 build/obj/stm32_dma.o
 .debug_loc     0x000033e8       0x84 build/obj/hal_lld.o
 .debug_loc     0x0000346c      0x144 build/obj/adc_lld.o
 .debug_loc     0x000035b0      0x228 build/obj/ext_lld_isr.o
 .debug_loc     0x000037d8      0x368 build/obj/can_lld.o
 .debug_loc     0x00003b40      0x10c build/obj/ext_lld.o
 .debug_loc     0x00003c4c      0x1a8 build/obj/gpt_lld.o
 .debug_loc     0x00003df4      0x170 build/obj/icu_lld.o
 .debug_loc     0x00003f64      0x170 build/obj/pwm_lld.o
 .debug_loc     0x000040d4       0x70 build/obj/pal_lld.o
 .debug_loc     0x00004144      0x330 build/obj/i2c_lld.o
 .debug_loc     0x00004474      0x294 build/obj/spi_lld.o
 .debug_loc     0x00004708      0x244 build/obj/serial_lld.o
 .debug_loc     0x0000494c       0x84 build/obj/board.o
 .debug_loc     0x000049d0      0x188 build/obj/syscalls.o
 .debug_loc     0x00004b58      0x25e build/obj/shell.o
 .debug_loc     0x00004db6       0xee build/obj/chprintf.o
 .debug_loc     0x00004ea4      0x1a8 build/obj/flash.o
 .debug_loc     0x0000504c       0xe0 build/obj/helper.o
 .debug_loc     0x0000512c       0xaa build/obj/ihex.o
 .debug_loc     0x000051d6      0x2d8 build/obj/main.o
 .debug_loc     0x000054ae       0xe0 build/obj/print.o
 .debug_loc     0x0000558e      0x542 build/obj/apploader.o

.debug_aranges  0x00000000      0x680
 .debug_aranges
                0x00000000       0x20 build/obj/crt0.o
 .debug_aranges
                0x00000020       0x20 build/obj/vectors.o
 .debug_aranges
                0x00000040       0x20 build/obj/chcore.o
 .debug_aranges
[...]
ext_lld_channel_enable                            build/obj/ext_lld.o
                                                  build/obj/ext.o
ext_lld_exti_irq_disable                          build/obj/ext_lld_isr.o
                                                  build/obj/ext_lld.o
ext_lld_exti_irq_enable                           build/obj/ext_lld_isr.o
                                                  build/obj/ext_lld.o
ext_lld_init                                      build/obj/ext_lld.o
                                                  build/obj/ext.o
ext_lld_start                                     build/obj/ext_lld.o
                                                  build/obj/ext.o
ext_lld_stop                                      build/obj/ext_lld.o
                                                  build/obj/ext.o
flashJumpApplication                              build/obj/helper.o
flashPageCheckErased                              build/obj/flash.o
flashPageCompare                                  build/obj/flash.o
flashPageErase                                    build/obj/flash.o
flashPageRead                                     build/obj/flash.o
                                                  build/obj/helper.o
flashPageWrite                                    build/obj/flash.o
flashPageWriteIfNeeded                            build/obj/flash.o
                                                  build/obj/helper.o
flash_apps                                        build/obj/apploader.o
                                                  build/obj/main.o
gptChangeInterval                                 build/obj/gpt.o
gptInit                                           build/obj/gpt.o
                                                  build/obj/hal.o
gptObjectInit                                     build/obj/gpt.o
                                                  build/obj/gpt_lld.o
gptPolledDelay                                    build/obj/gpt.o
gptStart                                          build/obj/gpt.o
gptStartContinuous                                build/obj/gpt.o
gptStartContinuousI                               build/obj/gpt.o
gptStartOneShot                                   build/obj/gpt.o
gptStartOneShotI                                  build/obj/gpt.o
gptStop                                           build/obj/gpt.o
gptStopTimer                                      build/obj/gpt.o
gptStopTimerI                                     build/obj/gpt.o
gpt_lld_init                                      build/obj/gpt_lld.o
                                                  build/obj/gpt.o
gpt_lld_polled_delay                              build/obj/gpt_lld.o
                                                  build/obj/gpt.o
gpt_lld_start                                     build/obj/gpt_lld.o
                                                  build/obj/gpt.o
gpt_lld_start_timer                               build/obj/gpt_lld.o
                                                  build/obj/gpt.o
gpt_lld_stop                                      build/obj/gpt_lld.o
                                                  build/obj/gpt.o
gpt_lld_stop_timer                                build/obj/gpt_lld.o
                                                  build/obj/gpt.o
halInit                                           build/obj/hal.o
                                                  build/obj/main.o
halIsCounterWithin                                build/obj/hal.o
halPolledDelay                                    build/obj/hal.o
hal_lld_init                                      build/obj/hal_lld.o
                                                  build/obj/hal.o
i2cAcquireBus                                     build/obj/i2c.o
i2cGetErrors                                      build/obj/i2c.o
i2cInit                                           build/obj/i2c.o
                                                  build/obj/hal.o
i2cMasterReceiveTimeout                           build/obj/i2c.o
i2cMasterTransmitTimeout                          build/obj/i2c.o
i2cObjectInit                                     build/obj/i2c.o
                                                  build/obj/i2c_lld.o
i2cReleaseBus                                     build/obj/i2c.o
i2cStart                                          build/obj/i2c.o
i2cStop                                           build/obj/i2c.o
i2c_lld_init                                      build/obj/i2c_lld.o
                                                  build/obj/i2c.o
i2c_lld_master_receive_timeout                    build/obj/i2c_lld.o
                                                  build/obj/i2c.o
i2c_lld_master_transmit_timeout                   build/obj/i2c_lld.o
                                                  build/obj/i2c.o
i2c_lld_start                                     build/obj/i2c_lld.o
                                                  build/obj/i2c.o
i2c_lld_stop                                      build/obj/i2c_lld.o
                                                  build/obj/i2c.o
icuDisable                                        build/obj/icu.o
icuEnable                                         build/obj/icu.o
icuInit                                           build/obj/icu.o
                                                  build/obj/hal.o
icuObjectInit                                     build/obj/icu.o
                                                  build/obj/icu_lld.o
icuStart                                          build/obj/icu.o
icuStop                                           build/obj/icu.o
icu_lld_disable                                   build/obj/icu_lld.o
                                                  build/obj/icu.o
icu_lld_enable                                    build/obj/icu_lld.o
                                                  build/obj/icu.o
icu_lld_init                                      build/obj/icu_lld.o
                                                  build/obj/icu.o
icu_lld_start                                     build/obj/icu_lld.o
                                                  build/obj/icu.o
icu_lld_stop                                      build/obj/icu_lld.o
                                                  build/obj/icu.o
ldrGetInfo                                        build/obj/apploader.o
ldrInit                                           build/obj/apploader.o
                                                  build/obj/main.o
ldrInstall                                        build/obj/apploader.o
                                                  build/obj/main.o
ldrLock                                           build/obj/apploader.o
                                                  build/obj/main.o
ldrRemoveAll                                      build/obj/apploader.o
                                                  build/obj/main.o
ldrRemoveLast                                     build/obj/apploader.o
                                                  build/obj/main.o
ldrRun                                            build/obj/apploader.o
                                                  build/obj/main.o
ldrUnlock                                         build/obj/apploader.o
                                                  build/obj/main.o
linearFlashProgram                                build/obj/helper.o
                                                  build/obj/apploader.o
linearFlashProgramFinish                          build/obj/helper.o
                                                  build/obj/apploader.o
linearFlashProgramStart                           build/obj/helper.o
                                                  build/obj/apploader.o
main                                              build/obj/main.o
                                                  build/obj/crt0.o
memcpy                                            /home/texzk/ChibiStudio/tools/GNU Tools ARM Embedded/4.6 2012q4/bin/../lib/gcc/arm-none-eabi/4.6.2/../../../../arm-none-eabi/lib/armv7-m/libc.a(lib_a-memcpy.o)
                                                  build/obj/apploader.o
                                                  build/obj/ihex.o
                                                  build/obj/helper.o
                                                  build/obj/flash.o
memset                                            /home/texzk/ChibiStudio/tools/GNU Tools ARM Embedded/4.6 2012q4/bin/../lib/gcc/arm-none-eabi/4.6.2/../../../../arm-none-eabi/lib/armv7-m/libc.a(lib_a-memset.o)
                                                  build/obj/apploader.o
                                                  build/obj/syscalls.o
nvicDisableVector                                 build/obj/nvic.o
                                                  build/obj/serial_lld.o
                                                  build/obj/i2c_lld.o
                                                  build/obj/pwm_lld.o
                                                  build/obj/icu_lld.o
                                                  build/obj/gpt_lld.o
                                                  build/obj/can_lld.o
                                                  build/obj/ext_lld_isr.o
                                                  build/obj/stm32_dma.o
nvicEnableVector                                  build/obj/nvic.o
                                                  build/obj/serial_lld.o
                                                  build/obj/i2c_lld.o
                                                  build/obj/pwm_lld.o
                                                  build/obj/icu_lld.o
                                                  build/obj/gpt_lld.o
                                                  build/obj/can_lld.o
                                                  build/obj/ext_lld_isr.o
                                                  build/obj/stm32_dma.o
nvicSetSystemHandlerPriority                      build/obj/nvic.o
                                                  build/obj/chcore_v7m.o
palReadBus                                        build/obj/pal.o
palSetBusMode                                     build/obj/pal.o
palWriteBus                                       build/obj/pal.o
pal_default_config                                build/obj/board.o
                                                  build/obj/hal.o
port_halt                                         build/obj/chcore.o
                                                  build/obj/spi_lld.o
                                                  build/obj/i2c_lld.o
                                                  build/obj/can_lld.o
                                                  build/obj/chdebug.o
print                                             build/obj/print.o
printn                                            build/obj/print.o
pwmChangePeriod                                   build/obj/pwm.o
pwmDisableChannel                                 build/obj/pwm.o
pwmEnableChannel                                  build/obj/pwm.o
pwmInit                                           build/obj/pwm.o
                                                  build/obj/hal.o
pwmObjectInit                                     build/obj/pwm.o
                                                  build/obj/pwm_lld.o
pwmStart                                          build/obj/pwm.o
pwmStop                                           build/obj/pwm.o
pwm_lld_disable_channel                           build/obj/pwm_lld.o
                                                  build/obj/pwm.o
pwm_lld_enable_channel                            build/obj/pwm_lld.o
                                                  build/obj/pwm.o
pwm_lld_init                                      build/obj/pwm_lld.o
                                                  build/obj/pwm.o
pwm_lld_start                                     build/obj/pwm_lld.o
                                                  build/obj/pwm.o
pwm_lld_stop                                      build/obj/pwm_lld.o
                                                  build/obj/pwm.o
read                                              build/obj/print.o
readn                                             build/obj/print.o
rlist                                             build/obj/shell.o
                                                  build/obj/i2c_lld.o
                                                  build/obj/spi.o
                                                  build/obj/adc.o
                                                  build/obj/chqueues.o
                                                  build/obj/chevents.o
                                                  build/obj/chmtx.o
                                                  build/obj/chsem.o
                                                  build/obj/chregistry.o
                                                  build/obj/chthreads.o
                                                  build/obj/chschd.o
                                                  build/obj/chdebug.o
                                                  build/obj/chsys.o
                                                  build/obj/chcore_v7m.o
sdIncomingDataI                                   build/obj/serial.o
                                                  build/obj/serial_lld.o
sdInit                                            build/obj/serial.o
                                                  build/obj/hal.o
sdObjectInit                                      build/obj/serial.o
                                                  build/obj/serial_lld.o
sdRequestDataI                                    build/obj/serial.o
sdStart                                           build/obj/serial.o
                                                  build/obj/main.o
sdStop                                            build/obj/serial.o
sd_lld_init                                       build/obj/serial_lld.o
                                                  build/obj/serial.o
sd_lld_start                                      build/obj/serial_lld.o
                                                  build/obj/serial.o
sd_lld_stop                                       build/obj/serial_lld.o
                                                  build/obj/serial.o
shellCreate                                       build/obj/shell.o
                                                  build/obj/main.o
shellCreateStatic                                 build/obj/shell.o
shellGetLine                                      build/obj/shell.o
shellInit                                         build/obj/shell.o
                                                  build/obj/main.o
shell_terminated                                  build/obj/shell.o
spiAcquireBus                                     build/obj/spi.o
spiExchange                                       build/obj/spi.o
spiIgnore                                         build/obj/spi.o
spiInit                                           build/obj/spi.o
                                                  build/obj/hal.o
spiObjectInit                                     build/obj/spi.o
                                                  build/obj/spi_lld.o
spiReceive                                        build/obj/spi.o
spiReleaseBus                                     build/obj/spi.o
spiSelect                                         build/obj/spi.o
spiSend                                           build/obj/spi.o
spiStart                                          build/obj/spi.o
spiStartExchange                                  build/obj/spi.o
spiStartIgnore                                    build/obj/spi.o
spiStartReceive                                   build/obj/spi.o
spiStartSend                                      build/obj/spi.o
spiStop                                           build/obj/spi.o
spiUnselect                                       build/obj/spi.o
spi_lld_exchange                                  build/obj/spi_lld.o
                                                  build/obj/spi.o
spi_lld_ignore                                    build/obj/spi_lld.o
                                                  build/obj/spi.o
spi_lld_init                                      build/obj/spi_lld.o
                                                  build/obj/spi.o
spi_lld_polled_exchange                           build/obj/spi_lld.o
spi_lld_receive                                   build/obj/spi_lld.o
                                                  build/obj/spi.o
spi_lld_select                                    build/obj/spi_lld.o
                                                  build/obj/spi.o
spi_lld_send                                      build/obj/spi_lld.o
                                                  build/obj/spi.o
spi_lld_start                                     build/obj/spi_lld.o
                                                  build/obj/spi.o
spi_lld_stop                                      build/obj/spi_lld.o
                                                  build/obj/spi.o
spi_lld_unselect                                  build/obj/spi_lld.o
                                                  build/obj/spi.o
stm32_clock_init                                  build/obj/hal_lld.o
                                                  build/obj/board.o
strcmp                                            /home/texzk/ChibiStudio/tools/GNU Tools ARM Embedded/4.6 2012q4/bin/../lib/gcc/arm-none-eabi/4.6.2/../../../../arm-none-eabi/lib/armv7-m/libc.a(lib_a-strcmp.o)
                                                  build/obj/shell.o
strlen                                            /home/texzk/ChibiStudio/tools/GNU Tools ARM Embedded/4.6 2012q4/bin/../lib/gcc/arm-none-eabi/4.6.2/../../../../arm-none-eabi/lib/armv7-m/libc.a(lib_a-strlen.o)
                                                  build/obj/apploader.o
                                                  build/obj/ihex.o
strncmp                                           /home/texzk/ChibiStudio/tools/GNU Tools ARM Embedded/4.6 2012q4/bin/../lib/gcc/arm-none-eabi/4.6.2/../../../../arm-none-eabi/lib/armv7-m/libc.a(lib_a-strncmp.o)
                                                  build/obj/apploader.o
strncpy                                           /home/texzk/ChibiStudio/tools/GNU Tools ARM Embedded/4.6 2012q4/bin/../lib/gcc/arm-none-eabi/4.6.2/../../../../arm-none-eabi/lib/armv7-m/libc.a(lib_a-strncpy.o)
                                                  build/obj/ihex.o
strpbrk                                           /home/texzk/ChibiStudio/tools/GNU Tools ARM Embedded/4.6 2012q4/bin/../lib/gcc/arm-none-eabi/4.6.2/../../../../arm-none-eabi/lib/armv7-m/libc.a(lib_a-strpbrk.o)
                                                  build/obj/shell.o
strspn                                            /home/texzk/ChibiStudio/tools/GNU Tools ARM Embedded/4.6 2012q4/bin/../lib/gcc/arm-none-eabi/4.6.2/../../../../arm-none-eabi/lib/armv7-m/libc.a(lib_a-strspn.o)
                                                  build/obj/shell.o
strtol                                            /home/texzk/ChibiStudio/tools/GNU Tools ARM Embedded/4.6 2012q4/bin/../lib/gcc/arm-none-eabi/4.6.2/../../../../arm-none-eabi/lib/armv7-m/libc.a(lib_a-strtol.o)
                                                  build/obj/ihex.o
vtlist                                            build/obj/shell.o
                                                  build/obj/chthreads.o
                                                  build/obj/chvt.o
                                                  build/obj/chdebug.o
                                                  build/obj/chsys.o
