Archive member included because of file (symbol)

/home/texzk/ChibiStudio/tools/GNU Tools ARM Embedded/4.6 2012q4/bin/../lib/gcc/arm-none-eabi/4.6.2/armv7-m/libgcc.a(_arm_addsubdf3.o)
                              build/obj/chprintf.o (__aeabi_dsub)
/home/texzk/ChibiStudio/tools/GNU Tools ARM Embedded/4.6 2012q4/bin/../lib/gcc/arm-none-eabi/4.6.2/armv7-m/libgcc.a(_arm_muldivdf3.o)
                              build/obj/chprintf.o (__aeabi_dmul)
/home/texzk/ChibiStudio/tools/GNU Tools ARM Embedded/4.6 2012q4/bin/../lib/gcc/arm-none-eabi/4.6.2/armv7-m/libgcc.a(_arm_fixdfsi.o)
                              build/obj/chprintf.o (__aeabi_d2iz)
/home/texzk/ChibiStudio/tools/GNU Tools ARM Embedded/4.6 2012q4/bin/../lib/gcc/arm-none-eabi/4.6.2/armv7-m/libgcc.a(_arm_truncdfsf2.o)
                              build/obj/chprintf.o (__aeabi_d2f)
/home/texzk/ChibiStudio/tools/GNU Tools ARM Embedded/4.6 2012q4/bin/../lib/gcc/arm-none-eabi/4.6.2/armv7-m/libgcc.a(_arm_cmpsf2.o)
                              build/obj/chprintf.o (__aeabi_fcmplt)
/home/texzk/ChibiStudio/tools/GNU Tools ARM Embedded/4.6 2012q4/bin/../lib/gcc/arm-none-eabi/4.6.2/../../../../arm-none-eabi/lib/armv7-m/libc.a(lib_a-memset.o)
                              build/obj/syscalls.o (memset)
/home/texzk/ChibiStudio/tools/GNU Tools ARM Embedded/4.6 2012q4/bin/../lib/gcc/arm-none-eabi/4.6.2/../../../../arm-none-eabi/lib/armv7-m/libc.a(lib_a-strcmp.o)
                              build/obj/shell.o (strcmp)
/home/texzk/ChibiStudio/tools/GNU Tools ARM Embedded/4.6 2012q4/bin/../lib/gcc/arm-none-eabi/4.6.2/../../../../arm-none-eabi/lib/armv7-m/libc.a(lib_a-strlen.o)
                              build/obj/ihex.o (strlen)
/home/texzk/ChibiStudio/tools/GNU Tools ARM Embedded/4.6 2012q4/bin/../lib/gcc/arm-none-eabi/4.6.2/../../../../arm-none-eabi/lib/armv7-m/libc.a(lib_a-strncpy.o)
                              build/obj/ihex.o (strncpy)
/home/texzk/ChibiStudio/tools/GNU Tools ARM Embedded/4.6 2012q4/bin/../lib/gcc/arm-none-eabi/4.6.2/../../../../arm-none-eabi/lib/armv7-m/libc.a(lib_a-strpbrk.o)
                              build/obj/shell.o (strpbrk)
/home/texzk/ChibiStudio/tools/GNU Tools ARM Embedded/4.6 2012q4/bin/../lib/gcc/arm-none-eabi/4.6.2/../../../../arm-none-eabi/lib/armv7-m/libc.a(lib_a-strspn.o)
                              build/obj/shell.o (strspn)
/home/texzk/ChibiStudio/tools/GNU Tools ARM Embedded/4.6 2012q4/bin/../lib/gcc/arm-none-eabi/4.6.2/../../../../arm-none-eabi/lib/armv7-m/libc.a(lib_a-strtol.o)
                              build/obj/ihex.o (strtol)
/home/texzk/ChibiStudio/tools/GNU Tools ARM Embedded/4.6 2012q4/bin/../lib/gcc/arm-none-eabi/4.6.2/../../../../arm-none-eabi/lib/armv7-m/libc.a(lib_a-ctype_.o)
                              /home/texzk/ChibiStudio/tools/GNU Tools ARM Embedded/4.6 2012q4/bin/../lib/gcc/arm-none-eabi/4.6.2/../../../../arm-none-eabi/lib/armv7-m/libc.a(lib_a-strtol.o) (__ctype_ptr__)
/home/texzk/ChibiStudio/tools/GNU Tools ARM Embedded/4.6 2012q4/bin/../lib/gcc/arm-none-eabi/4.6.2/../../../../arm-none-eabi/lib/armv7-m/libc.a(lib_a-impure.o)
                              /home/texzk/ChibiStudio/tools/GNU Tools ARM Embedded/4.6 2012q4/bin/../lib/gcc/arm-none-eabi/4.6.2/../../../../arm-none-eabi/lib/armv7-m/libc.a(lib_a-strtol.o) (_impure_ptr)

Allocating common symbols
Common symbol       size              file

EXTD1               0x8               build/obj/ext_lld.o
I2CD1               0x38              build/obj/i2c_lld.o
SD2                 0x258             build/obj/serial_lld.o
CAND1               0x38              build/obj/can_lld.o
shell_terminated    0x4               build/obj/shell.o
ADCD1               0x34              build/obj/adc_lld.o
SPID1               0x30              build/obj/spi_lld.o
GPTD3               0x10              build/obj/gpt_lld.o
PWMD2               0x14              build/obj/pwm_lld.o
vtlist              0x10              build/obj/chvt.o
ICUD4               0x18              build/obj/icu_lld.o
rlist               0x1c              build/obj/chschd.o
UARTD3              0x1c              build/obj/uart_lld.o
_idle_thread_wa     0xb0              build/obj/chsys.o
SD1                 0x258             build/obj/serial_lld.o

Memory Configuration

Name             Origin             Length             Attributes
flash            0x08000000         0x00020000
ram              0x20000000         0x00005000
*default*        0x00000000         0xffffffff

Linker script and memory map

LOAD build/obj/crt0.o
LOAD build/obj/vectors.o
LOAD build/obj/chcore.o
LOAD build/obj/chcore_v7m.o
LOAD build/obj/nvic.o
LOAD build/obj/chsys.o
LOAD build/obj/chdebug.o
LOAD build/obj/chlists.o
LOAD build/obj/chvt.o
LOAD build/obj/chschd.o
LOAD build/obj/chthreads.o
LOAD build/obj/chdynamic.o
LOAD build/obj/chregistry.o
LOAD build/obj/chsem.o
LOAD build/obj/chmtx.o
LOAD build/obj/chcond.o
LOAD build/obj/chevents.o
LOAD build/obj/chmsg.o
LOAD build/obj/chmboxes.o
LOAD build/obj/chqueues.o
LOAD build/obj/chmemcore.o
LOAD build/obj/chheap.o
LOAD build/obj/chmempools.o
LOAD build/obj/hal.o
LOAD build/obj/adc.o
LOAD build/obj/can.o
LOAD build/obj/ext.o
LOAD build/obj/gpt.o
LOAD build/obj/i2c.o
LOAD build/obj/icu.o
LOAD build/obj/mac.o
LOAD build/obj/mmc_spi.o
LOAD build/obj/mmcsd.o
LOAD build/obj/pal.o
LOAD build/obj/pwm.o
LOAD build/obj/rtc.o
LOAD build/obj/sdc.o
LOAD build/obj/serial.o
LOAD build/obj/serial_usb.o
LOAD build/obj/spi.o
LOAD build/obj/tm.o
LOAD build/obj/uart.o
LOAD build/obj/usb.o
LOAD build/obj/stm32_dma.o
LOAD build/obj/hal_lld.o
LOAD build/obj/adc_lld.o
LOAD build/obj/ext_lld_isr.o
LOAD build/obj/can_lld.o
LOAD build/obj/ext_lld.o
LOAD build/obj/gpt_lld.o
LOAD build/obj/icu_lld.o
LOAD build/obj/mac_lld.o
LOAD build/obj/pwm_lld.o
LOAD build/obj/sdc_lld.o
LOAD build/obj/pal_lld.o
LOAD build/obj/i2c_lld.o
LOAD build/obj/rtc_lld.o
LOAD build/obj/spi_lld.o
LOAD build/obj/serial_lld.o
LOAD build/obj/uart_lld.o
LOAD build/obj/usb_lld.o
LOAD build/obj/board.o
LOAD build/obj/syscalls.o
LOAD build/obj/shell.o
LOAD build/obj/chprintf.o
LOAD build/obj/flash.o
LOAD build/obj/helper.o
LOAD build/obj/ihex.o
LOAD build/obj/main.o
LOAD build/obj/print.o
LOAD build/obj/app1.o
LOAD build/obj/app2.o
LOAD build/obj/app3.o
LOAD /home/texzk/ChibiStudio/tools/GNU Tools ARM Embedded/4.6 2012q4/bin/../lib/gcc/arm-none-eabi/4.6.2/../../../../arm-none-eabi/lib/armv7-m/libm.a
START GROUP
LOAD /home/texzk/ChibiStudio/tools/GNU Tools ARM Embedded/4.6 2012q4/bin/../lib/gcc/arm-none-eabi/4.6.2/armv7-m/libgcc.a
LOAD /home/texzk/ChibiStudio/tools/GNU Tools ARM Embedded/4.6 2012q4/bin/../lib/gcc/arm-none-eabi/4.6.2/../../../../arm-none-eabi/lib/armv7-m/libc.a
END GROUP
                0x00000400                __main_stack_size__ = 0x400
                0x00000400                __process_stack_size__ = 0x400
                0x20000000                __ram_start__ = ORIGIN (ram)
                0x00005000                __ram_size__ = 0x5000
                0x20005000                __ram_end__ = (__ram_start__ + __ram_size__)
                0x00000000                . = 0x0
                0x00000000                _text = .

startup         0x08000000       0xec
 *(vectors)
 vectors        0x08000000       0xec build/obj/vectors.o
                0x08000000                _vectors

constructors    0x080000ec        0x0
                0x080000ec                PROVIDE (__init_array_start, .)
 *(SORT(.init_array.*))
 *(.init_array)
                0x080000ec                PROVIDE (__init_array_end, .)

destructors     0x080000ec        0x0
                0x080000ec                PROVIDE (__fini_array_start, .)
 *(.fini_array)
 *(SORT(.fini_array.*))
                0x080000ec                PROVIDE (__fini_array_end, .)

.text           0x080000f0     0xc2e4
 *(.text.startup.*)
 *(.text)
 .text          0x080000f0      0x10c build/obj/crt0.o
                0x080000fc                __late_init
                0x08000108                _default_exit
                0x0800010c                ResetHandler
 *fill*         0x080001fc        0x4 00
 .text          0x08000200        0x4 build/obj/vectors.o
                0x08000200                VectorAC
                0x08000200                NMIVector
                0x08000200                VectorC8
                0x08000200                VectorA8
                0x08000200                UsageFaultVector
                0x08000200                DebugMonitorVector
                0x08000200                Vector40
                0x08000200                PendSVVector
                0x08000200                VectorCC
                0x08000200                Vector54
                0x08000200                Vector24
                0x08000200                BusFaultVector
                0x08000200                VectorD0
                0x08000200                VectorE4
                0x08000200                HardFaultVector
                0x08000200                MemManageVector
                0x08000200                VectorA0
                0x08000200                VectorC4
                0x08000200                Vector1C
                0x08000200                Vector48
                0x08000200                Vector4C
                0x08000200                _unhandled_exception
                0x08000200                Vector88
                0x08000200                Vector50
                0x08000200                Vector28
                0x08000200                Vector34
                0x08000200                VectorA4
                0x08000200                Vector20
 *fill*         0x08000204        0xc 00
 .text          0x08000210        0x8 build/obj/chcore.o
                0x08000210                port_halt
 *fill*         0x08000218        0x8 00
 .text          0x08000220      0x158 build/obj/chcore_v7m.o
                0x08000220                SysTickVector
                0x08000240                SVCallVector
                0x0800026c                _port_init
                0x080002b8                _port_irq_epilogue
                0x08000340                _port_switch_from_isr
                0x08000348                _port_switch
                0x0800035c                _port_thread_start
 *fill*         0x08000378        0x8 00
 .text          0x08000380      0x194 build/obj/nvic.o
                0x08000380                nvicEnableVector
                0x0800042c                nvicDisableVector
                0x080004ac                nvicSetSystemHandlerPriority
 *fill*         0x08000514        0xc 00
 .text          0x08000520      0x168 build/obj/chsys.o
                0x08000520                _idle_thread
                0x08000540                chSysInit
                0x080005cc                chSysTimerHandlerI
 *fill*         0x08000688        0x8 00
 .text          0x08000690        0x0 build/obj/chdebug.o
 .text          0x08000690        0x0 build/obj/chlists.o
 .text          0x08000690      0x19c build/obj/chvt.o
                0x08000690                _vt_init
                0x080006dc                chVTSetI
                0x08000778                chVTResetI
                0x080007c8                chTimeIsWithin
 *fill*         0x0800082c        0x4 00
 .text          0x08000830      0x3dc build/obj/chschd.o
                0x08000888                _scheduler_init
                0x080008ec                chSchReadyI
                0x08000954                chSchGoSleepS
                0x08000a14                chSchGoSleepTimeoutS
                0x08000a80                chSchWakeupS
                0x08000ae4                chSchRescheduleS
                0x08000b0c                chSchDoRescheduleBehind
                0x08000b68                chSchDoRescheduleAhead
                0x08000c00                chSchDoReschedule
 *fill*         0x08000c0c        0x4 00
 .text          0x08000c10      0x400 build/obj/chthreads.o
                0x08000c58                _thread_init
                0x08000cf4                chThdCreateI
                0x08000d5c                chThdCreateStatic
                0x08000da4                chThdSetPriority
                0x08000e24                chThdResume
                0x08000e54                chThdTerminate
                0x08000e84                chThdSleep
                0x08000eb0                chThdSleepUntil
                0x08000ef0                chThdYield
                0x08000f28                chThdExit
                0x08000f48                chThdExitS
                0x08000fb8                chThdWait
 .text          0x08001010      0x108 build/obj/chdynamic.o
                0x08001010                chThdAddRef
                0x08001044                chThdRelease
                0x080010b0                chThdCreateFromHeap
 *fill*         0x08001118        0x8 00
 .text          0x08001120       0x94 build/obj/chregistry.o
                0x08001120                chRegFirstThread
                0x08001160                chRegNextThread
 *fill*         0x080011b4        0xc 00
 .text          0x080011c0      0x524 build/obj/chsem.o
                0x0800124c                chSemInit
                0x08001280                chSemReset
                0x080012b0                chSemResetI
                0x08001324                chSemWait
                0x08001354                chSemWaitS
                0x080013dc                chSemWaitTimeout
                0x08001410                chSemWaitTimeoutS
                0x080014a8                chSemSignal
                0x08001514                chSemSignalI
                0x08001578                chSemAddCounterI
                0x080015f4                chSemSignalWait
 *fill*         0x080016e4        0xc 00
 .text          0x080016f0      0x414 build/obj/chmtx.o
                0x08001798                chMtxInit
                0x080017c0                chMtxLock
                0x080017e8                chMtxLockS
                0x08001894                chMtxTryLock
                0x080018c4                chMtxTryLockS
                0x08001918                chMtxUnlock
                0x080019d0                chMtxUnlockS
                0x08001a74                chMtxUnlockAll
 *fill*         0x08001b04        0xc 00
 .text          0x08001b10        0x0 build/obj/chcond.o
 .text          0x08001b10      0x444 build/obj/chevents.o
                0x08001b10                chEvtRegisterMask
                0x08001b6c                chEvtUnregister
                0x08001bc4                chEvtGetAndClearEvents
                0x08001c1c                chEvtAddEvents
                0x08001c64                chEvtBroadcastFlagsI
                0x08001ca8                chEvtGetAndClearFlags
                0x08001cdc                chEvtSignal
                0x08001d0c                chEvtSignalI
                0x08001d68                chEvtBroadcastFlags
                0x08001d98                chEvtGetAndClearFlagsI
                0x08001dbc                chEvtDispatch
                0x08001e1c                chEvtWaitOne
                0x08001e90                chEvtWaitAny
                0x08001ef8                chEvtWaitAll
 *fill*         0x08001f54        0xc 00
 .text          0x08001f60        0x0 build/obj/chmsg.o
 .text          0x08001f60        0x0 build/obj/chmboxes.o
 .text          0x08001f60      0x5dc build/obj/chqueues.o
                0x08002010                chIQInit
                0x0800206c                chIQResetI
                0x080020b8                chIQPutI
                0x08002150                chIQGetTimeout
                0x080021e0                chIQReadTimeout
                0x080022a4                chOQInit
                0x080022fc                chOQResetI
                0x08002354                chOQPutTimeout
                0x080023e8                chOQGetI
                0x08002478                chOQWriteTimeout
 *fill*         0x0800253c        0x4 00
 .text          0x08002540      0x100 build/obj/chmemcore.o
                0x08002540                _core_init
                0x08002580                chCoreAlloc
                0x080025b0                chCoreAllocI
                0x0800261c                chCoreStatus
 .text          0x08002640      0x308 build/obj/chheap.o
                0x08002640                _heap_init
                0x08002680                chHeapInit
                0x080026e0                chHeapAlloc
                0x080027dc                chHeapFree
                0x080028cc                chHeapStatus
 *fill*         0x08002948        0x8 00
 .text          0x08002950        0x0 build/obj/chmempools.o
 .text          0x08002950       0xdc build/obj/hal.o
                0x08002950                halInit
                0x08002994                halIsCounterWithin
                0x080029f8                halPolledDelay
 *fill*         0x08002a2c        0x4 00
 .text          0x08002a30      0x2ec build/obj/adc.o
                0x08002a30                adcInit
                0x08002a3c                adcObjectInit
                0x08002a88                adcStart
                0x08002ad0                adcStop
                0x08002b10                adcStartConversion
                0x08002b44                adcStartConversionI
                0x08002bb4                adcStopConversion
                0x08002c24                adcStopConversionI
                0x08002c90                adcConvert
                0x08002cec                adcAcquireBus
                0x08002d08                adcReleaseBus
 *fill*         0x08002d1c        0x4 00
 .text          0x08002d20      0x524 build/obj/can.o
                0x08002d20                canInit
                0x08002d2c                canObjectInit
                0x08002da0                canStart
                0x08002e10                canStop
                0x08002e74                canTryTransmit
                0x08002ea8                canTryTransmitI
                0x08002f04                canAbortTransmission
                0x08002f30                canAbortTransmissionI
                0x08002f5c                canTryReceive
                0x08002f90                canTryReceiveI
                0x08002fec                canSetFilters
                0x0800301c                canSetFiltersI
                0x0800304c                canClearFilters
                0x08003074                canClearFiltersI
                0x0800309c                canTransmitTimeout
                0x08003114                canReceiveTimeout
                0x0800318c                canSleep
                0x080031e8                canWakeup
 *fill*         0x08003244        0xc 00
 .text          0x08003250      0x1a8 build/obj/ext.o
                0x08003250                extInit
                0x0800325c                extObjectInit
                0x08003280                extStart
                0x080032d0                extStop
                0x08003310                extChannelEnable
                0x08003360                extChannelDisable
                0x080033b0                extSetChannelModeI
 *fill*         0x080033f8        0x8 00
 .text          0x08003400      0x234 build/obj/gpt.o
                0x08003400                gptInit
                0x0800340c                gptObjectInit
                0x08003430                gptStart
                0x08003480                gptStop
                0x080034c0                gptChangeInterval
                0x080034f4                gptStartContinuous
                0x08003524                gptStartContinuousI
                0x0800354c                gptStartOneShot
                0x0800357c                gptStartOneShotI
                0x080035a4                gptStopTimer
                0x080035cc                gptStopTimerI
                0x08003604                gptPolledDelay
 *fill*         0x08003634        0xc 00
 .text          0x08003640      0x24c build/obj/i2c.o
                0x08003640                i2cInit
                0x0800364c                i2cObjectInit
                0x08003678                i2cStart
                0x080036d0                i2cStop
                0x08003718                i2cGetErrors
                0x08003730                i2cMasterTransmitTimeout
                0x080037d4                i2cMasterReceiveTimeout
                0x0800385c                i2cAcquireBus
                0x08003878                i2cReleaseBus
 *fill*         0x0800388c        0x4 00
 .text          0x08003890      0x140 build/obj/icu.o
                0x08003890                icuInit
                0x0800389c                icuObjectInit
                0x080038c0                icuStart
                0x08003910                icuStop
                0x08003950                icuEnable
                0x08003980                icuDisable
 .text          0x080039d0        0x0 build/obj/mac.o
 .text          0x080039d0        0x0 build/obj/mmc_spi.o
 .text          0x080039d0        0x0 build/obj/mmcsd.o
 .text          0x080039d0       0xc0 build/obj/pal.o
                0x080039d0                palReadBus
                0x08003a08                palWriteBus
                0x08003a58                palSetBusMode
 .text          0x08003a90      0x17c build/obj/pwm.o
                0x08003a90                pwmInit
                0x08003a9c                pwmObjectInit
                0x08003ac0                pwmStart
                0x08003b18                pwmStop
                0x08003b58                pwmChangePeriod
                0x08003b94                pwmEnableChannel
                0x08003bd4                pwmDisableChannel
 *fill*         0x08003c0c        0x4 00
 .text          0x08003c10        0x0 build/obj/rtc.o
 .text          0x08003c10        0x0 build/obj/sdc.o
 .text          0x08003c10      0x2fc build/obj/serial.o
                0x08003d60                sdInit
                0x08003d6c                sdObjectInit
                0x08003ddc                sdStart
                0x08003e20                sdStop
                0x08003e7c                sdIncomingDataI
                0x08003ed0                sdRequestDataI
 *fill*         0x08003f0c        0x4 00
 .text          0x08003f10        0x0 build/obj/serial_usb.o
 .text          0x08003f10      0x3e4 build/obj/spi.o
                0x08003f10                spiInit
                0x08003f1c                spiObjectInit
                0x08003f50                spiStart
                0x08003fa0                spiStop
                0x08003fe4                spiSelect
                0x0800400c                spiUnselect
                0x08004034                spiStartIgnore
                0x08004070                spiStartExchange
                0x080040c0                spiStartSend
                0x08004108                spiStartReceive
                0x08004150                spiIgnore
                0x080041a4                spiExchange
                0x0800420c                spiSend
                0x08004268                spiReceive
                0x080042c4                spiAcquireBus
                0x080042e0                spiReleaseBus
 *fill*         0x080042f4        0xc 00
 .text          0x08004300        0x0 build/obj/tm.o
 .text          0x08004300      0x2d8 build/obj/uart.o
                0x08004300                uartInit
                0x0800430c                uartObjectInit
                0x08004340                uartStart
                0x08004390                uartStop
                0x080043e0                uartStartSend
                0x08004428                uartStartSendI
                0x08004460                uartStopSend
                0x080044a8                uartStopSendI
                0x080044dc                uartStartReceive
                0x08004524                uartStartReceiveI
                0x0800455c                uartStopReceive
                0x080045a4                uartStopReceiveI
 *fill*         0x080045d8        0x8 00
 .text          0x080045e0        0x0 build/obj/usb.o
 .text          0x080045e0      0x460 build/obj/stm32_dma.o
                0x080045e0                Vector6C
                0x08004638                Vector70
                0x08004694                Vector74
                0x080046f0                Vector78
                0x0800474c                Vector7C
                0x080047a8                Vector80
                0x08004804                Vector84
                0x08004860                dmaInit
                0x080048d4                dmaStreamAllocate
                0x080049d4                dmaStreamRelease
 .text          0x08004a40      0x238 build/obj/hal_lld.o
                0x08004a64                hal_lld_init
                0x08004b4c                stm32_clock_init
 *fill*         0x08004c78        0x8 00
 .text          0x08004c80      0x500 build/obj/adc_lld.o
                0x08004e70                adc_lld_init
                0x08004f54                adc_lld_start
                0x08004fd4                adc_lld_stop
                0x08005038                adc_lld_start_conversion
                0x08005138                adc_lld_stop_conversion
 .text          0x08005180      0x464 build/obj/ext_lld_isr.o
                0x08005180                Vector58
                0x080051b4                Vector5C
                0x080051e8                Vector60
                0x0800521c                Vector64
                0x08005250                Vector68
                0x08005284                Vector9C
                0x08005368                VectorE0
                0x08005470                Vector44
                0x080054a4                RTCAlarm_IRQHandler
                0x080054d8                VectorE8
                0x0800550c                ext_lld_exti_irq_enable
                0x0800558c                ext_lld_exti_irq_disable
 *fill*         0x080055e4        0xc 00
 .text          0x080055f0      0x91c build/obj/can_lld.o
                0x080055f0                Vector8C
                0x08005690                Vector90
                0x08005790                Vector94
                0x080057a0                Vector98
                0x0800589c                can_lld_init
                0x080058c0                can_lld_start
                0x08005980                can_lld_stop
                0x08005a00                can_lld_can_transmit
                0x08005a28                can_lld_transmit
                0x08005afc                can_lld_abort_transmit
                0x08005b30                can_lld_can_receive
                0x08005b58                can_lld_receive
                0x08005c74                can_lld_set_filters
                0x08005e04                can_lld_clear_filters
                0x08005ec4                can_lld_sleep
                0x08005ee8                can_lld_wakeup
 *fill*         0x08005f0c        0x4 00
 .text          0x08005f10      0x35c build/obj/ext_lld.o
                0x08005f10                ext_lld_init
                0x08005f24                ext_lld_start
                0x08005f7c                ext_lld_stop
                0x08005fc4                ext_lld_channel_enable
                0x080061ac                ext_lld_channel_disable
 *fill*         0x0800626c        0x4 00
 .text          0x08006270      0x26c build/obj/gpt_lld.o
                0x080062ac                VectorB4
                0x080062c4                gpt_lld_init
                0x080062e8                gpt_lld_start
                0x080063a0                gpt_lld_stop
                0x08006404                gpt_lld_start_timer
                0x08006458                gpt_lld_stop_timer
                0x08006488                gpt_lld_polled_delay
 *fill*         0x080064dc        0x4 00
 .text          0x080064e0      0x434 build/obj/icu_lld.o
                0x080065c0                VectorB8
                0x080065d8                icu_lld_init
                0x080065fc                icu_lld_start
                0x080067b8                icu_lld_stop
                0x0800681c                icu_lld_enable
                0x080068e4                icu_lld_disable
 *fill*         0x08006914        0xc 00
 .text          0x08006920        0x0 build/obj/mac_lld.o
 .text          0x08006920      0x428 build/obj/pwm_lld.o
                0x080069bc                VectorB0
                0x080069d4                pwm_lld_init
                0x080069f4                pwm_lld_start
                0x08006bfc                pwm_lld_stop
                0x08006c60                pwm_lld_enable_channel
                0x08006cf4                pwm_lld_disable_channel
 *fill*         0x08006d48        0x8 00
 .text          0x08006d50        0x0 build/obj/sdc_lld.o
 .text          0x08006d50      0x1e8 build/obj/pal_lld.o
                0x08006d50                _pal_lld_init
                0x08006e4c                _pal_lld_setgroupmode
 *fill*         0x08006f38        0x8 00
 .text          0x08006f40      0xb98 build/obj/i2c_lld.o
                0x080075e0                VectorBC
                0x080075f8                VectorC0
                0x08007648                i2c_lld_init
                0x0800769c                i2c_lld_start
                0x080077d0                i2c_lld_stop
                0x08007838                i2c_lld_master_receive_timeout
                0x08007974                i2c_lld_master_transmit_timeout
 *fill*         0x08007ad8        0x8 00
 .text          0x08007ae0        0x0 build/obj/rtc_lld.o
 .text          0x08007ae0      0x594 build/obj/spi_lld.o
                0x08007bd8                spi_lld_init
                0x08007c48                spi_lld_start
                0x08007d60                spi_lld_stop
                0x08007dc8                spi_lld_select
                0x08007df0                spi_lld_unselect
                0x08007e18                spi_lld_ignore
                0x08007ea0                spi_lld_exchange
                0x08007f28                spi_lld_send
                0x08007fb0                spi_lld_receive
                0x08008038                spi_lld_polled_exchange
 *fill*         0x08008074        0xc 00
 .text          0x08008080      0x4a4 build/obj/serial_lld.o
                0x08008378                VectorD4
                0x08008390                VectorD8
                0x080083a8                sd_lld_init
                0x08008408                sd_lld_start
                0x080084a0                sd_lld_stop
 *fill*         0x08008524        0xc 00
 .text          0x08008530      0x6d0 build/obj/uart_lld.o
                0x080088ec                VectorDC
                0x08008904                uart_lld_init
                0x08008958                uart_lld_start
                0x08008a3c                uart_lld_stop
                0x08008aa0                uart_lld_start_send
                0x08008af0                uart_lld_stop_send
                0x08008b38                uart_lld_start_receive
                0x08008bb0                uart_lld_stop_receive
 .text          0x08008c00        0x0 build/obj/usb_lld.o
 .text          0x08008c00       0x48 build/obj/board.o
                0x08008c00                __early_init
                0x08008c0c                boardInit
 *fill*         0x08008c48        0x8 00
 .text          0x08008c50      0x10c build/obj/syscalls.o
                0x08008c50                _read_r
                0x08008c78                _lseek_r
                0x08008c98                _write_r
                0x08008cb4                _close_r
                0x08008cd0                _sbrk_r
                0x08008d08                _fstat_r
                0x08008d40                _isatty_r
 *fill*         0x08008d5c        0x4 00
 .text          0x08008d60      0x5fc build/obj/shell.o
                0x080091e8                shellInit
                0x08009204                shellCreate
                0x08009234                shellCreateStatic
                0x08009264                shellGetLine
 *fill*         0x0800935c        0x4 00
 .text          0x08009360      0x6b8 build/obj/chprintf.o
                0x080094f4                chprintf
 *fill*         0x08009a18        0x8 00
 .text          0x08009a20      0x460 build/obj/flash.o
                0x08009aa8                flashPageErase
                0x08009ba0                flashPageCheckErased
                0x08009bf8                flashPageRead
                0x08009c30                flashPageCompare
                0x08009ccc                flashPageWrite
                0x08009de4                flashPageWriteIfNeeded
 .text          0x08009e80      0x298 build/obj/helper.o
                0x08009e80                memcpy
                0x08009f28                linearFlashProgramStart
                0x08009f50                linearFlashProgramFinish
                0x08009f88                linearFlashProgram
                0x0800a098                flashJumpApplication
 *fill*         0x0800a118        0x8 00
 .text          0x0800a120      0x3dc build/obj/ihex.o
                0x0800a120                New_IHexRecord
                0x0800a194                Read_IHexRecord
                0x0800a480                Checksum_IHexRecord
 *fill*         0x0800a4fc        0x4 00
 .text          0x0800a500      0x524 build/obj/main.o
                0x0800a948                main
 *fill*         0x0800aa24        0xc 00
 .text          0x0800aa30      0x188 build/obj/print.o
                0x0800aa30                print
                0x0800aa68                printn
                0x0800ab0c                read
                0x0800ab54                readn
 *fill*         0x0800abb8        0x8 00
 .text          0x0800abc0       0xc0 build/obj/app1.o
                0x0800abec                test
                0x0800ac1c                AppThread1
 .text          0x0800ac80       0x9c build/obj/app2.o
                0x0800acd0                AppThread2
 *fill*         0x0800ad1c        0x4 00
 .text          0x0800ad20       0x9c build/obj/app3.o
                0x0800ad70                AppThread3
 *fill*         0x0800adbc        0x4 00
 .text          0x0800adc0      0x370 /home/texzk/ChibiStudio/tools/GNU Tools ARM Embedded/4.6 2012q4/bin/../lib/gcc/arm-none-eabi/4.6.2/armv7-m/libgcc.a(_arm_addsubdf3.o)
                0x0800adc0                __aeabi_drsub
                0x0800adc8                __aeabi_dsub
                0x0800adc8                __subdf3
                0x0800adcc                __adddf3
                0x0800adcc                __aeabi_dadd
                0x0800b044                __aeabi_ui2d
                0x0800b044                __floatunsidf
                0x0800b064                __floatsidf
                0x0800b064                __aeabi_i2d
                0x0800b088                __extendsfdf2
                0x0800b088                __aeabi_f2d
                0x0800b0c4                __aeabi_ul2d
                0x0800b0c4                __floatundidf
                0x0800b0d4                __floatdidf
                0x0800b0d4                __aeabi_l2d
 .text          0x0800b130      0x424 /home/texzk/ChibiStudio/tools/GNU Tools ARM Embedded/4.6 2012q4/bin/../lib/gcc/arm-none-eabi/4.6.2/armv7-m/libgcc.a(_arm_muldivdf3.o)
                0x0800b130                __aeabi_dmul
                0x0800b130                __muldf3
                0x0800b384                __aeabi_ddiv
                0x0800b384                __divdf3
 *fill*         0x0800b554        0xc 00
 .text          0x0800b560       0x50 /home/texzk/ChibiStudio/tools/GNU Tools ARM Embedded/4.6 2012q4/bin/../lib/gcc/arm-none-eabi/4.6.2/armv7-m/libgcc.a(_arm_fixdfsi.o)
                0x0800b560                __fixdfsi
                0x0800b560                __aeabi_d2iz
 .text          0x0800b5b0       0xa0 /home/texzk/ChibiStudio/tools/GNU Tools ARM Embedded/4.6 2012q4/bin/../lib/gcc/arm-none-eabi/4.6.2/armv7-m/libgcc.a(_arm_truncdfsf2.o)
                0x0800b5b0                __aeabi_d2f
                0x0800b5b0                __truncdfsf2
 .text          0x0800b650       0xec /home/texzk/ChibiStudio/tools/GNU Tools ARM Embedded/4.6 2012q4/bin/../lib/gcc/arm-none-eabi/4.6.2/armv7-m/libgcc.a(_arm_cmpsf2.o)
                0x0800b650                __gtsf2
                0x0800b650                __gesf2
                0x0800b658                __lesf2
                0x0800b658                __ltsf2
                0x0800b660                __nesf2
                0x0800b660                __eqsf2
                0x0800b660                __cmpsf2
                0x0800b6c0                __aeabi_cfrcmple
                0x0800b6c8                __aeabi_cfcmple
                0x0800b6c8                __aeabi_cfcmpeq
                0x0800b6d8                __aeabi_fcmpeq
                0x0800b6ec                __aeabi_fcmplt
                0x0800b700                __aeabi_fcmple
                0x0800b714                __aeabi_fcmpge
                0x0800b728                __aeabi_fcmpgt
 *fill*         0x0800b73c        0x4 00
 .text          0x0800b740        0x0 /home/texzk/ChibiStudio/tools/GNU Tools ARM Embedded/4.6 2012q4/bin/../lib/gcc/arm-none-eabi/4.6.2/../../../../arm-none-eabi/lib/armv7-m/libc.a(lib_a-memset.o)
 .text          0x0800b740        0x0 /home/texzk/ChibiStudio/tools/GNU Tools ARM Embedded/4.6 2012q4/bin/../lib/gcc/arm-none-eabi/4.6.2/../../../../arm-none-eabi/lib/armv7-m/libc.a(lib_a-strcmp.o)
 .text          0x0800b740        0x0 /home/texzk/ChibiStudio/tools/GNU Tools ARM Embedded/4.6 2012q4/bin/../lib/gcc/arm-none-eabi/4.6.2/../../../../arm-none-eabi/lib/armv7-m/libc.a(lib_a-strlen.o)
 .text          0x0800b740        0x0 /home/texzk/ChibiStudio/tools/GNU Tools ARM Embedded/4.6 2012q4/bin/../lib/gcc/arm-none-eabi/4.6.2/../../../../arm-none-eabi/lib/armv7-m/libc.a(lib_a-strncpy.o)
 .text          0x0800b740        0x0 /home/texzk/ChibiStudio/tools/GNU Tools ARM Embedded/4.6 2012q4/bin/../lib/gcc/arm-none-eabi/4.6.2/../../../../arm-none-eabi/lib/armv7-m/libc.a(lib_a-strpbrk.o)
 .text          0x0800b740        0x0 /home/texzk/ChibiStudio/tools/GNU Tools ARM Embedded/4.6 2012q4/bin/../lib/gcc/arm-none-eabi/4.6.2/../../../../arm-none-eabi/lib/armv7-m/libc.a(lib_a-strspn.o)
 .text          0x0800b740        0x0 /home/texzk/ChibiStudio/tools/GNU Tools ARM Embedded/4.6 2012q4/bin/../lib/gcc/arm-none-eabi/4.6.2/../../../../arm-none-eabi/lib/armv7-m/libc.a(lib_a-strtol.o)
 .text          0x0800b740        0x0 /home/texzk/ChibiStudio/tools/GNU Tools ARM Embedded/4.6 2012q4/bin/../lib/gcc/arm-none-eabi/4.6.2/../../../../arm-none-eabi/lib/armv7-m/libc.a(lib_a-ctype_.o)
 .text          0x0800b740        0x0 /home/texzk/ChibiStudio/tools/GNU Tools ARM Embedded/4.6 2012q4/bin/../lib/gcc/arm-none-eabi/4.6.2/../../../../arm-none-eabi/lib/armv7-m/libc.a(lib_a-impure.o)
 *(.text.*)
 .text.memset   0x0800b740       0x90 /home/texzk/ChibiStudio/tools/GNU Tools ARM Embedded/4.6 2012q4/bin/../lib/gcc/arm-none-eabi/4.6.2/../../../../arm-none-eabi/lib/armv7-m/libc.a(lib_a-memset.o)
                0x0800b740                memset
 .text.strcmp   0x0800b7d0       0x80 /home/texzk/ChibiStudio/tools/GNU Tools ARM Embedded/4.6 2012q4/bin/../lib/gcc/arm-none-eabi/4.6.2/../../../../arm-none-eabi/lib/armv7-m/libc.a(lib_a-strcmp.o)
                0x0800b7d0                strcmp
 .text.strcmp_unaligned
                0x0800b850      0x15c /home/texzk/ChibiStudio/tools/GNU Tools ARM Embedded/4.6 2012q4/bin/../lib/gcc/arm-none-eabi/4.6.2/../../../../arm-none-eabi/lib/armv7-m/libc.a(lib_a-strcmp.o)
 *fill*         0x0800b9ac        0x4 00
 .text.strlen   0x0800b9b0       0x60 /home/texzk/ChibiStudio/tools/GNU Tools ARM Embedded/4.6 2012q4/bin/../lib/gcc/arm-none-eabi/4.6.2/../../../../arm-none-eabi/lib/armv7-m/libc.a(lib_a-strlen.o)
                0x0800b9b0                strlen
 .text.strncpy  0x0800ba10       0x68 /home/texzk/ChibiStudio/tools/GNU Tools ARM Embedded/4.6 2012q4/bin/../lib/gcc/arm-none-eabi/4.6.2/../../../../arm-none-eabi/lib/armv7-m/libc.a(lib_a-strncpy.o)
                0x0800ba10                strncpy
 *fill*         0x0800ba78        0x8 00
 .text.strpbrk  0x0800ba80       0x54 /home/texzk/ChibiStudio/tools/GNU Tools ARM Embedded/4.6 2012q4/bin/../lib/gcc/arm-none-eabi/4.6.2/../../../../arm-none-eabi/lib/armv7-m/libc.a(lib_a-strpbrk.o)
                0x0800ba80                strpbrk
 *fill*         0x0800bad4        0xc 00
 .text.strspn   0x0800bae0       0x3c /home/texzk/ChibiStudio/tools/GNU Tools ARM Embedded/4.6 2012q4/bin/../lib/gcc/arm-none-eabi/4.6.2/../../../../arm-none-eabi/lib/armv7-m/libc.a(lib_a-strspn.o)
                0x0800bae0                strspn
 *fill*         0x0800bb1c        0x4 00
 .text._strtol_r
                0x0800bb20      0x120 /home/texzk/ChibiStudio/tools/GNU Tools ARM Embedded/4.6 2012q4/bin/../lib/gcc/arm-none-eabi/4.6.2/../../../../arm-none-eabi/lib/armv7-m/libc.a(lib_a-strtol.o)
                0x0800bb20                _strtol_r
 .text.strtol   0x0800bc40       0x1c /home/texzk/ChibiStudio/tools/GNU Tools ARM Embedded/4.6 2012q4/bin/../lib/gcc/arm-none-eabi/4.6.2/../../../../arm-none-eabi/lib/armv7-m/libc.a(lib_a-strtol.o)
                0x0800bc40                strtol
 *(.rodata)
 *fill*         0x0800bc5c        0x4 00
 .rodata        0x0800bc60        0x8 build/obj/chsys.o
 *fill*         0x0800bc68        0x8 00
 .rodata        0x0800bc70       0x18 build/obj/chregistry.o
                0x0800bc70                ch_debug
 *fill*         0x0800bc88        0x8 00
 .rodata        0x0800bc90       0x20 build/obj/serial.o
 .rodata        0x0800bcb0       0x54 build/obj/stm32_dma.o
                0x0800bcb0                _stm32_dma_streams
 *fill*         0x0800bd04        0xc 00
 .rodata        0x0800bd10       0x14 build/obj/pal_lld.o
 *fill*         0x0800bd24        0xc 00
 .rodata        0x0800bd30        0xc build/obj/serial_lld.o
 *fill*         0x0800bd3c        0x4 00
 .rodata        0x0800bd40       0x3c build/obj/board.o
                0x0800bd40                pal_default_config
 *fill*         0x0800bd7c        0x4 00
 .rodata        0x0800bd80      0x234 build/obj/shell.o
 *fill*         0x0800bfb4        0xc 00
 .rodata        0x0800bfc0        0x8 build/obj/chprintf.o
 *fill*         0x0800bfc8        0x8 00
 .rodata        0x0800bfd0      0x234 build/obj/main.o
 *fill*         0x0800c204        0xc 00
 .rodata        0x0800c210       0x38 build/obj/app1.o
 *fill*         0x0800c248        0x8 00
 .rodata        0x0800c250       0x24 build/obj/app2.o
 *fill*         0x0800c274        0xc 00
 .rodata        0x0800c280       0x24 build/obj/app3.o
 *(.rodata.*)
 *fill*         0x0800c2a4        0xc 00
 .rodata._ctype_
                0x0800c2b0      0x104 /home/texzk/ChibiStudio/tools/GNU Tools ARM Embedded/4.6 2012q4/bin/../lib/gcc/arm-none-eabi/4.6.2/../../../../arm-none-eabi/lib/armv7-m/libc.a(lib_a-ctype_.o)
                0x0800c2b0                _ctype_
 *fill*         0x0800c3b4        0xc 00
 .rodata.str1.4
                0x0800c3c0        0x4 /home/texzk/ChibiStudio/tools/GNU Tools ARM Embedded/4.6 2012q4/bin/../lib/gcc/arm-none-eabi/4.6.2/../../../../arm-none-eabi/lib/armv7-m/libc.a(lib_a-impure.o)
 *fill*         0x0800c3c4        0xc 00
 .rodata._global_impure_ptr
                0x0800c3d0        0x4 /home/texzk/ChibiStudio/tools/GNU Tools ARM Embedded/4.6 2012q4/bin/../lib/gcc/arm-none-eabi/4.6.2/../../../../arm-none-eabi/lib/armv7-m/libc.a(lib_a-impure.o)
                0x0800c3d0                _global_impure_ptr
 *(.glue_7t)
 .glue_7t       0x00000000        0x0 linker stubs
 *(.glue_7)
 .glue_7        0x00000000        0x0 linker stubs
 *(.gcc*)

.vfp11_veneer   0x0800c3d4        0x0
 .vfp11_veneer  0x00000000        0x0 linker stubs

.v4_bx          0x0800c3d4        0x0
 .v4_bx         0x00000000        0x0 linker stubs

.ARM.extab
 *(.ARM.extab* .gnu.linkonce.armextab.*)

.ARM.exidx      0x0800c3d4        0x0
                0x0800c3d4                PROVIDE (__exidx_start, .)
 *(.ARM.exidx* .gnu.linkonce.armexidx.*)
                0x0800c3d4                PROVIDE (__exidx_end, .)

.eh_frame_hdr
 *(.eh_frame_hdr)

.eh_frame
 *(.eh_frame)

.textalign      0x0800c3d4        0x4
                0x0800c3d8                . = ALIGN (0x8)
 *fill*         0x0800c3d4        0x4 00
                0x0800c3d8                _etext = .
                0x0800c3d8                _textdata = _etext

.stacks         0x20000000      0x800
                0x20000000                . = ALIGN (0x8)
                0x20000000                __main_stack_base__ = .
                0x20000400                . = (. + __main_stack_size__)
 *fill*         0x20000000      0x400 00
                0x20000400                . = ALIGN (0x8)
                0x20000400                __main_stack_end__ = .
                0x20000400                __process_stack_base__ = .
                0x20000400                __main_thread_stack_base__ = .
                0x20000800                . = (. + __process_stack_size__)
 *fill*         0x20000400      0x400 00
                0x20000800                . = ALIGN (0x8)
                0x20000800                __process_stack_end__ = .
                0x20000800                __main_thread_stack_end__ = .

.data           0x20000800      0x484 load address 0x0800c3d8
                0x20000800                . = ALIGN (0x4)
                0x20000800                PROVIDE (_data, .)
 *(.data)
 .data          0x20000800        0x0 build/obj/crt0.o
 .data          0x20000800        0x0 build/obj/vectors.o
 .data          0x20000800        0x0 build/obj/chcore.o
 .data          0x20000800        0x0 build/obj/chcore_v7m.o
 .data          0x20000800        0x0 build/obj/nvic.o
 .data          0x20000800        0x0 build/obj/chsys.o
 .data          0x20000800        0x0 build/obj/chdebug.o
 .data          0x20000800        0x0 build/obj/chlists.o
 .data          0x20000800        0x0 build/obj/chvt.o
 .data          0x20000800        0x0 build/obj/chschd.o
 .data          0x20000800        0x0 build/obj/chthreads.o
 .data          0x20000800        0x0 build/obj/chdynamic.o
 .data          0x20000800        0x0 build/obj/chregistry.o
 .data          0x20000800        0x0 build/obj/chsem.o
 .data          0x20000800        0x0 build/obj/chmtx.o
 .data          0x20000800        0x0 build/obj/chcond.o
 .data          0x20000800        0x0 build/obj/chevents.o
 .data          0x20000800        0x0 build/obj/chmsg.o
 .data          0x20000800        0x0 build/obj/chmboxes.o
 .data          0x20000800        0x0 build/obj/chqueues.o
 .data          0x20000800        0x0 build/obj/chmemcore.o
 .data          0x20000800        0x0 build/obj/chheap.o
 .data          0x20000800        0x0 build/obj/chmempools.o
 .data          0x20000800        0x0 build/obj/hal.o
 .data          0x20000800        0x0 build/obj/adc.o
 .data          0x20000800        0x0 build/obj/can.o
 .data          0x20000800        0x0 build/obj/ext.o
 .data          0x20000800        0x0 build/obj/gpt.o
 .data          0x20000800        0x0 build/obj/i2c.o
 .data          0x20000800        0x0 build/obj/icu.o
 .data          0x20000800        0x0 build/obj/mac.o
 .data          0x20000800        0x0 build/obj/mmc_spi.o
 .data          0x20000800        0x0 build/obj/mmcsd.o
 .data          0x20000800        0x0 build/obj/pal.o
 .data          0x20000800        0x0 build/obj/pwm.o
 .data          0x20000800        0x0 build/obj/rtc.o
 .data          0x20000800        0x0 build/obj/sdc.o
 .data          0x20000800        0x0 build/obj/serial.o
 .data          0x20000800        0x0 build/obj/serial_usb.o
 .data          0x20000800        0x0 build/obj/spi.o
 .data          0x20000800        0x0 build/obj/tm.o
 .data          0x20000800        0x0 build/obj/uart.o
 .data          0x20000800        0x0 build/obj/usb.o
 .data          0x20000800        0x0 build/obj/stm32_dma.o
 .data          0x20000800        0x0 build/obj/hal_lld.o
 .data          0x20000800        0x0 build/obj/adc_lld.o
 .data          0x20000800        0x0 build/obj/ext_lld_isr.o
 .data          0x20000800        0x0 build/obj/can_lld.o
 .data          0x20000800        0x0 build/obj/ext_lld.o
 .data          0x20000800        0x0 build/obj/gpt_lld.o
 .data          0x20000800        0x0 build/obj/icu_lld.o
 .data          0x20000800        0x0 build/obj/mac_lld.o
 .data          0x20000800        0x0 build/obj/pwm_lld.o
 .data          0x20000800        0x0 build/obj/sdc_lld.o
 .data          0x20000800        0x0 build/obj/pal_lld.o
 .data          0x20000800        0x0 build/obj/i2c_lld.o
 .data          0x20000800        0x0 build/obj/rtc_lld.o
 .data          0x20000800        0x0 build/obj/spi_lld.o
 .data          0x20000800        0x0 build/obj/serial_lld.o
 .data          0x20000800        0x0 build/obj/uart_lld.o
 .data          0x20000800        0x0 build/obj/usb_lld.o
 .data          0x20000800        0x0 build/obj/board.o
 .data          0x20000800        0x0 build/obj/syscalls.o
 .data          0x20000800       0x18 build/obj/shell.o
 .data          0x20000818        0x0 build/obj/chprintf.o
 .data          0x20000818        0x0 build/obj/flash.o
 .data          0x20000818        0x0 build/obj/helper.o
 .data          0x20000818        0x0 build/obj/ihex.o
 .data          0x20000818       0x3c build/obj/main.o
 .data          0x20000854        0x0 build/obj/print.o
 .data          0x20000854        0x0 build/obj/app1.o
 .data          0x20000854        0x0 build/obj/app2.o
 .data          0x20000854        0x0 build/obj/app3.o
 .data          0x20000854        0x0 /home/texzk/ChibiStudio/tools/GNU Tools ARM Embedded/4.6 2012q4/bin/../lib/gcc/arm-none-eabi/4.6.2/armv7-m/libgcc.a(_arm_addsubdf3.o)
 .data          0x20000854        0x0 /home/texzk/ChibiStudio/tools/GNU Tools ARM Embedded/4.6 2012q4/bin/../lib/gcc/arm-none-eabi/4.6.2/armv7-m/libgcc.a(_arm_muldivdf3.o)
 .data          0x20000854        0x0 /home/texzk/ChibiStudio/tools/GNU Tools ARM Embedded/4.6 2012q4/bin/../lib/gcc/arm-none-eabi/4.6.2/armv7-m/libgcc.a(_arm_fixdfsi.o)
 .data          0x20000854        0x0 /home/texzk/ChibiStudio/tools/GNU Tools ARM Embedded/4.6 2012q4/bin/../lib/gcc/arm-none-eabi/4.6.2/armv7-m/libgcc.a(_arm_truncdfsf2.o)
 .data          0x20000854        0x0 /home/texzk/ChibiStudio/tools/GNU Tools ARM Embedded/4.6 2012q4/bin/../lib/gcc/arm-none-eabi/4.6.2/armv7-m/libgcc.a(_arm_cmpsf2.o)
 .data          0x20000854        0x0 /home/texzk/ChibiStudio/tools/GNU Tools ARM Embedded/4.6 2012q4/bin/../lib/gcc/arm-none-eabi/4.6.2/../../../../arm-none-eabi/lib/armv7-m/libc.a(lib_a-memset.o)
 .data          0x20000854        0x0 /home/texzk/ChibiStudio/tools/GNU Tools ARM Embedded/4.6 2012q4/bin/../lib/gcc/arm-none-eabi/4.6.2/../../../../arm-none-eabi/lib/armv7-m/libc.a(lib_a-strcmp.o)
 .data          0x20000854        0x0 /home/texzk/ChibiStudio/tools/GNU Tools ARM Embedded/4.6 2012q4/bin/../lib/gcc/arm-none-eabi/4.6.2/../../../../arm-none-eabi/lib/armv7-m/libc.a(lib_a-strlen.o)
 .data          0x20000854        0x0 /home/texzk/ChibiStudio/tools/GNU Tools ARM Embedded/4.6 2012q4/bin/../lib/gcc/arm-none-eabi/4.6.2/../../../../arm-none-eabi/lib/armv7-m/libc.a(lib_a-strncpy.o)
 .data          0x20000854        0x0 /home/texzk/ChibiStudio/tools/GNU Tools ARM Embedded/4.6 2012q4/bin/../lib/gcc/arm-none-eabi/4.6.2/../../../../arm-none-eabi/lib/armv7-m/libc.a(lib_a-strpbrk.o)
 .data          0x20000854        0x0 /home/texzk/ChibiStudio/tools/GNU Tools ARM Embedded/4.6 2012q4/bin/../lib/gcc/arm-none-eabi/4.6.2/../../../../arm-none-eabi/lib/armv7-m/libc.a(lib_a-strspn.o)
 .data          0x20000854        0x0 /home/texzk/ChibiStudio/tools/GNU Tools ARM Embedded/4.6 2012q4/bin/../lib/gcc/arm-none-eabi/4.6.2/../../../../arm-none-eabi/lib/armv7-m/libc.a(lib_a-strtol.o)
 .data          0x20000854        0x0 /home/texzk/ChibiStudio/tools/GNU Tools ARM Embedded/4.6 2012q4/bin/../lib/gcc/arm-none-eabi/4.6.2/../../../../arm-none-eabi/lib/armv7-m/libc.a(lib_a-ctype_.o)
 .data          0x20000854        0x0 /home/texzk/ChibiStudio/tools/GNU Tools ARM Embedded/4.6 2012q4/bin/../lib/gcc/arm-none-eabi/4.6.2/../../../../arm-none-eabi/lib/armv7-m/libc.a(lib_a-impure.o)
                0x20000854                . = ALIGN (0x4)
 *(.data.*)
 .data.__ctype_ptr__
                0x20000854        0x4 /home/texzk/ChibiStudio/tools/GNU Tools ARM Embedded/4.6 2012q4/bin/../lib/gcc/arm-none-eabi/4.6.2/../../../../arm-none-eabi/lib/armv7-m/libc.a(lib_a-ctype_.o)
                0x20000854                __ctype_ptr__
 .data.impure_data
                0x20000858      0x428 /home/texzk/ChibiStudio/tools/GNU Tools ARM Embedded/4.6 2012q4/bin/../lib/gcc/arm-none-eabi/4.6.2/../../../../arm-none-eabi/lib/armv7-m/libc.a(lib_a-impure.o)
 .data._impure_ptr
                0x20000c80        0x4 /home/texzk/ChibiStudio/tools/GNU Tools ARM Embedded/4.6 2012q4/bin/../lib/gcc/arm-none-eabi/4.6.2/../../../../arm-none-eabi/lib/armv7-m/libc.a(lib_a-impure.o)
                0x20000c80                _impure_ptr
                0x20000c84                . = ALIGN (0x4)
 *(.ramtext)
                0x20000c84                . = ALIGN (0x4)
                0x20000c84                PROVIDE (_edata, .)

.bss            0x20000c88     0x2d2c load address 0x0800c860
                0x20000c88                . = ALIGN (0x4)
                0x20000c88                PROVIDE (_bss_start, .)
 *(.bss)
 .bss           0x20000c88        0x0 build/obj/crt0.o
 .bss           0x20000c88        0x0 build/obj/vectors.o
 .bss           0x20000c88        0x0 build/obj/chcore.o
 .bss           0x20000c88        0x0 build/obj/chcore_v7m.o
 .bss           0x20000c88        0x0 build/obj/nvic.o
 .bss           0x20000c88       0x38 build/obj/chsys.o
 .bss           0x20000cc0        0x0 build/obj/chdebug.o
 .bss           0x20000cc0        0x0 build/obj/chlists.o
 .bss           0x20000cc0        0x0 build/obj/chvt.o
 .bss           0x20000cc0        0x0 build/obj/chschd.o
 .bss           0x20000cc0        0x0 build/obj/chthreads.o
 .bss           0x20000cc0        0x0 build/obj/chdynamic.o
 .bss           0x20000cc0        0x0 build/obj/chregistry.o
 .bss           0x20000cc0        0x0 build/obj/chsem.o
 .bss           0x20000cc0        0x0 build/obj/chmtx.o
 .bss           0x20000cc0        0x0 build/obj/chcond.o
 .bss           0x20000cc0        0x0 build/obj/chevents.o
 .bss           0x20000cc0        0x0 build/obj/chmsg.o
 .bss           0x20000cc0        0x0 build/obj/chmboxes.o
 .bss           0x20000cc0        0x0 build/obj/chqueues.o
 .bss           0x20000cc0        0x8 build/obj/chmemcore.o
 .bss           0x20000cc8       0x20 build/obj/chheap.o
 .bss           0x20000ce8        0x0 build/obj/chmempools.o
 .bss           0x20000ce8        0x0 build/obj/hal.o
 .bss           0x20000ce8        0x0 build/obj/adc.o
 .bss           0x20000ce8        0x0 build/obj/can.o
 .bss           0x20000ce8        0x0 build/obj/ext.o
 .bss           0x20000ce8        0x0 build/obj/gpt.o
 .bss           0x20000ce8        0x0 build/obj/i2c.o
 .bss           0x20000ce8        0x0 build/obj/icu.o
 .bss           0x20000ce8        0x0 build/obj/mac.o
 .bss           0x20000ce8        0x0 build/obj/mmc_spi.o
 .bss           0x20000ce8        0x0 build/obj/mmcsd.o
 .bss           0x20000ce8        0x0 build/obj/pal.o
 .bss           0x20000ce8        0x0 build/obj/pwm.o
 .bss           0x20000ce8        0x0 build/obj/rtc.o
 .bss           0x20000ce8        0x0 build/obj/sdc.o
 .bss           0x20000ce8        0x0 build/obj/serial.o
 .bss           0x20000ce8        0x0 build/obj/serial_usb.o
 .bss           0x20000ce8        0x0 build/obj/spi.o
 .bss           0x20000ce8        0x0 build/obj/tm.o
 .bss           0x20000ce8        0x0 build/obj/uart.o
 .bss           0x20000ce8        0x0 build/obj/usb.o
 .bss           0x20000ce8       0x3c build/obj/stm32_dma.o
 .bss           0x20000d24        0x0 build/obj/hal_lld.o
 .bss           0x20000d24        0x0 build/obj/adc_lld.o
 .bss           0x20000d24        0x0 build/obj/ext_lld_isr.o
 .bss           0x20000d24        0x0 build/obj/can_lld.o
 .bss           0x20000d24        0x0 build/obj/ext_lld.o
 .bss           0x20000d24        0x0 build/obj/gpt_lld.o
 .bss           0x20000d24        0x0 build/obj/icu_lld.o
 .bss           0x20000d24        0x0 build/obj/mac_lld.o
 .bss           0x20000d24        0x0 build/obj/pwm_lld.o
 .bss           0x20000d24        0x0 build/obj/sdc_lld.o
 .bss           0x20000d24        0x0 build/obj/pal_lld.o
 .bss           0x20000d24        0x0 build/obj/i2c_lld.o
 .bss           0x20000d24        0x0 build/obj/rtc_lld.o
 .bss           0x20000d24        0x4 build/obj/spi_lld.o
 .bss           0x20000d28        0x0 build/obj/serial_lld.o
 .bss           0x20000d28        0x0 build/obj/uart_lld.o
 .bss           0x20000d28        0x0 build/obj/usb_lld.o
 .bss           0x20000d28        0x0 build/obj/board.o
 .bss           0x20000d28        0x0 build/obj/syscalls.o
 .bss           0x20000d28        0x0 build/obj/shell.o
 .bss           0x20000d28        0x0 build/obj/chprintf.o
 .bss           0x20000d28        0x0 build/obj/flash.o
 .bss           0x20000d28        0x0 build/obj/helper.o
 .bss           0x20000d28        0x0 build/obj/ihex.o
 .bss           0x20000d28     0x25c8 build/obj/main.o
 .bss           0x200032f0        0x0 build/obj/print.o
 .bss           0x200032f0        0x0 build/obj/app1.o
 .bss           0x200032f0        0x0 build/obj/app2.o
 .bss           0x200032f0        0x0 build/obj/app3.o
 .bss           0x200032f0        0x0 /home/texzk/ChibiStudio/tools/GNU Tools ARM Embedded/4.6 2012q4/bin/../lib/gcc/arm-none-eabi/4.6.2/armv7-m/libgcc.a(_arm_addsubdf3.o)
 .bss           0x200032f0        0x0 /home/texzk/ChibiStudio/tools/GNU Tools ARM Embedded/4.6 2012q4/bin/../lib/gcc/arm-none-eabi/4.6.2/armv7-m/libgcc.a(_arm_muldivdf3.o)
 .bss           0x200032f0        0x0 /home/texzk/ChibiStudio/tools/GNU Tools ARM Embedded/4.6 2012q4/bin/../lib/gcc/arm-none-eabi/4.6.2/armv7-m/libgcc.a(_arm_fixdfsi.o)
 .bss           0x200032f0        0x0 /home/texzk/ChibiStudio/tools/GNU Tools ARM Embedded/4.6 2012q4/bin/../lib/gcc/arm-none-eabi/4.6.2/armv7-m/libgcc.a(_arm_truncdfsf2.o)
 .bss           0x200032f0        0x0 /home/texzk/ChibiStudio/tools/GNU Tools ARM Embedded/4.6 2012q4/bin/../lib/gcc/arm-none-eabi/4.6.2/armv7-m/libgcc.a(_arm_cmpsf2.o)
 .bss           0x200032f0        0x0 /home/texzk/ChibiStudio/tools/GNU Tools ARM Embedded/4.6 2012q4/bin/../lib/gcc/arm-none-eabi/4.6.2/../../../../arm-none-eabi/lib/armv7-m/libc.a(lib_a-memset.o)
 .bss           0x200032f0        0x0 /home/texzk/ChibiStudio/tools/GNU Tools ARM Embedded/4.6 2012q4/bin/../lib/gcc/arm-none-eabi/4.6.2/../../../../arm-none-eabi/lib/armv7-m/libc.a(lib_a-strcmp.o)
 .bss           0x200032f0        0x0 /home/texzk/ChibiStudio/tools/GNU Tools ARM Embedded/4.6 2012q4/bin/../lib/gcc/arm-none-eabi/4.6.2/../../../../arm-none-eabi/lib/armv7-m/libc.a(lib_a-strlen.o)
 .bss           0x200032f0        0x0 /home/texzk/ChibiStudio/tools/GNU Tools ARM Embedded/4.6 2012q4/bin/../lib/gcc/arm-none-eabi/4.6.2/../../../../arm-none-eabi/lib/armv7-m/libc.a(lib_a-strncpy.o)
 .bss           0x200032f0        0x0 /home/texzk/ChibiStudio/tools/GNU Tools ARM Embedded/4.6 2012q4/bin/../lib/gcc/arm-none-eabi/4.6.2/../../../../arm-none-eabi/lib/armv7-m/libc.a(lib_a-strpbrk.o)
 .bss           0x200032f0        0x0 /home/texzk/ChibiStudio/tools/GNU Tools ARM Embedded/4.6 2012q4/bin/../lib/gcc/arm-none-eabi/4.6.2/../../../../arm-none-eabi/lib/armv7-m/libc.a(lib_a-strspn.o)
 .bss           0x200032f0        0x0 /home/texzk/ChibiStudio/tools/GNU Tools ARM Embedded/4.6 2012q4/bin/../lib/gcc/arm-none-eabi/4.6.2/../../../../arm-none-eabi/lib/armv7-m/libc.a(lib_a-strtol.o)
 .bss           0x200032f0        0x0 /home/texzk/ChibiStudio/tools/GNU Tools ARM Embedded/4.6 2012q4/bin/../lib/gcc/arm-none-eabi/4.6.2/../../../../arm-none-eabi/lib/armv7-m/libc.a(lib_a-ctype_.o)
 .bss           0x200032f0        0x0 /home/texzk/ChibiStudio/tools/GNU Tools ARM Embedded/4.6 2012q4/bin/../lib/gcc/arm-none-eabi/4.6.2/../../../../arm-none-eabi/lib/armv7-m/libc.a(lib_a-impure.o)
                0x200032f0                . = ALIGN (0x4)
 *(.bss.*)
                0x200032f0                . = ALIGN (0x4)
 *(COMMON)
 COMMON         0x200032f0       0xb0 build/obj/chsys.o
                0x200032f0                _idle_thread_wa
 COMMON         0x200033a0       0x10 build/obj/chvt.o
                0x200033a0                vtlist
 COMMON         0x200033b0       0x1c build/obj/chschd.o
                0x200033b0                rlist
 COMMON         0x200033cc       0x34 build/obj/adc_lld.o
                0x200033cc                ADCD1
 COMMON         0x20003400       0x38 build/obj/can_lld.o
                0x20003400                CAND1
 COMMON         0x20003438        0x8 build/obj/ext_lld.o
                0x20003438                EXTD1
 COMMON         0x20003440       0x10 build/obj/gpt_lld.o
                0x20003440                GPTD3
 COMMON         0x20003450       0x18 build/obj/icu_lld.o
                0x20003450                ICUD4
 COMMON         0x20003468       0x14 build/obj/pwm_lld.o
                0x20003468                PWMD2
 COMMON         0x2000347c       0x38 build/obj/i2c_lld.o
                0x2000347c                I2CD1
 COMMON         0x200034b4       0x30 build/obj/spi_lld.o
                0x200034b4                SPID1
 COMMON         0x200034e4      0x4b0 build/obj/serial_lld.o
                0x200034e4                SD2
                0x2000373c                SD1
 COMMON         0x20003994       0x1c build/obj/uart_lld.o
                0x20003994                UARTD3
 COMMON         0x200039b0        0x4 build/obj/shell.o
                0x200039b0                shell_terminated
                0x200039b4                . = ALIGN (0x4)
                0x200039b4                PROVIDE (_bss_end, .)
                0x200039b4                PROVIDE (end, .)
                0x200039b4                _end = .
                0x200039b4                __heap_base__ = _end
                0x20005000                __heap_end__ = __ram_end__
                0x0800c3d8                __app_base__ = _etext
                0x08020000                __app_end__ = 0x8020000
OUTPUT(bl/os.elf elf32-littlearm)

.debug_info     0x00000000    0x1a45e
 .debug_info    0x00000000      0x342 build/obj/crt0.o
 .debug_info    0x00000342      0x1ec build/obj/vectors.o
 .debug_info    0x0000052e       0x8b build/obj/chcore.o
 .debug_info    0x000005b9      0x79e build/obj/chcore_v7m.o
 .debug_info    0x00000d57      0x430 build/obj/nvic.o
 .debug_info    0x00001187      0x781 build/obj/chsys.o
 .debug_info    0x00001908       0x76 build/obj/chdebug.o
 .debug_info    0x0000197e       0x76 build/obj/chlists.o
 .debug_info    0x000019f4      0x26d build/obj/chvt.o
 .debug_info    0x00001c61      0x762 build/obj/chschd.o
 .debug_info    0x000023c3      0x9f2 build/obj/chthreads.o
 .debug_info    0x00002db5      0x609 build/obj/chdynamic.o
 .debug_info    0x000033be      0x61c build/obj/chregistry.o
 .debug_info    0x000039da      0x888 build/obj/chsem.o
 .debug_info    0x00004262      0x7c5 build/obj/chmtx.o
 .debug_info    0x00004a27       0x76 build/obj/chcond.o
 .debug_info    0x00004a9d      0xa24 build/obj/chevents.o
 .debug_info    0x000054c1       0x76 build/obj/chmsg.o
 .debug_info    0x00005537       0x76 build/obj/chmboxes.o
 .debug_info    0x000055ad      0xa41 build/obj/chqueues.o
 .debug_info    0x00005fee      0x1d5 build/obj/chmemcore.o
 .debug_info    0x000061c3      0x604 build/obj/chheap.o
 .debug_info    0x000067c7       0x76 build/obj/chmempools.o
 .debug_info    0x0000683d      0x2af build/obj/hal.o
 .debug_info    0x00006aec      0xc23 build/obj/adc.o
 .debug_info    0x0000770f     0x11d8 build/obj/can.o
 .debug_info    0x000088e7      0x3d8 build/obj/ext.o
 .debug_info    0x00008cbf      0x71c build/obj/gpt.o
 .debug_info    0x000093db      0xa59 build/obj/i2c.o
 .debug_info    0x00009e34      0x60a build/obj/icu.o
 .debug_info    0x0000a43e       0xa2 build/obj/mac.o
 .debug_info    0x0000a4e0       0xa2 build/obj/mmc_spi.o
 .debug_info    0x0000a582       0xa2 build/obj/mmcsd.o
 .debug_info    0x0000a624      0x23f build/obj/pal.o
 .debug_info    0x0000a863      0x68e build/obj/pwm.o
 .debug_info    0x0000aef1       0xa2 build/obj/rtc.o
 .debug_info    0x0000af93       0xa2 build/obj/sdc.o
 .debug_info    0x0000b035      0xc47 build/obj/serial.o
 .debug_info    0x0000bc7c       0xa2 build/obj/serial_usb.o
 .debug_info    0x0000bd1e      0xde3 build/obj/spi.o
 .debug_info    0x0000cb01       0xa2 build/obj/tm.o
 .debug_info    0x0000cba3      0x891 build/obj/uart.o
 .debug_info    0x0000d434       0xa2 build/obj/usb.o
 .debug_info    0x0000d4d6      0x639 build/obj/stm32_dma.o
 .debug_info    0x0000db0f      0x3a8 build/obj/hal_lld.o
 .debug_info    0x0000deb7      0xb71 build/obj/adc_lld.o
 .debug_info    0x0000ea28      0x495 build/obj/ext_lld_isr.o
 .debug_info    0x0000eebd     0x11cf build/obj/can_lld.o
 .debug_info    0x0001008c      0x3be build/obj/ext_lld.o
 .debug_info    0x0001044a      0x724 build/obj/gpt_lld.o
 .debug_info    0x00010b6e      0x7ab build/obj/icu_lld.o
 .debug_info    0x00011319       0xa2 build/obj/mac_lld.o
 .debug_info    0x000113bb      0x7be build/obj/pwm_lld.o
 .debug_info    0x00011b79       0xa2 build/obj/sdc_lld.o
 .debug_info    0x00011c1b      0x393 build/obj/pal_lld.o
 .debug_info    0x00011fae     0x1133 build/obj/i2c_lld.o
 .debug_info    0x000130e1       0xa2 build/obj/rtc_lld.o
 .debug_info    0x00013183      0xbd0 build/obj/spi_lld.o
 .debug_info    0x00013d53      0xdf0 build/obj/serial_lld.o
 .debug_info    0x00014b43      0xa3d build/obj/uart_lld.o
 .debug_info    0x00015580       0xa2 build/obj/usb_lld.o
 .debug_info    0x00015622      0x205 build/obj/board.o
 .debug_info    0x00015827      0xcc8 build/obj/syscalls.o
 .debug_info    0x000164ef      0xb2e build/obj/shell.o
 .debug_info    0x0001701d      0x40f build/obj/chprintf.o
 .debug_info    0x0001742c      0x3e5 build/obj/flash.o
 .debug_info    0x00017811      0x6dd build/obj/helper.o
 .debug_info    0x00017eee      0x2f7 build/obj/ihex.o
 .debug_info    0x000181e5      0xebe build/obj/main.o
 .debug_info    0x000190a3      0x94d build/obj/print.o
 .debug_info    0x000199f0      0x50c build/obj/app1.o
 .debug_info    0x00019efc      0x2b1 build/obj/app2.o
 .debug_info    0x0001a1ad      0x2b1 build/obj/app3.o

.debug_abbrev   0x00000000     0x58be
 .debug_abbrev  0x00000000       0xba build/obj/crt0.o
 .debug_abbrev  0x000000ba       0xaa build/obj/vectors.o
 .debug_abbrev  0x00000164       0x3d build/obj/chcore.o
 .debug_abbrev  0x000001a1      0x181 build/obj/chcore_v7m.o
 .debug_abbrev  0x00000322       0xe8 build/obj/nvic.o
 .debug_abbrev  0x0000040a      0x16c build/obj/chsys.o
 .debug_abbrev  0x00000576       0x28 build/obj/chdebug.o
 .debug_abbrev  0x0000059e       0x28 build/obj/chlists.o
 .debug_abbrev  0x000005c6      0x12a build/obj/chvt.o
 .debug_abbrev  0x000006f0      0x1e4 build/obj/chschd.o
 .debug_abbrev  0x000008d4      0x1e3 build/obj/chthreads.o
 .debug_abbrev  0x00000ab7      0x18a build/obj/chdynamic.o
 .debug_abbrev  0x00000c41      0x144 build/obj/chregistry.o
 .debug_abbrev  0x00000d85      0x1c1 build/obj/chsem.o
 .debug_abbrev  0x00000f46      0x1b2 build/obj/chmtx.o
 .debug_abbrev  0x000010f8       0x28 build/obj/chcond.o
 .debug_abbrev  0x00001120      0x1d2 build/obj/chevents.o
 .debug_abbrev  0x000012f2       0x28 build/obj/chmsg.o
 .debug_abbrev  0x0000131a       0x28 build/obj/chmboxes.o
 .debug_abbrev  0x00001342      0x1e0 build/obj/chqueues.o
 .debug_abbrev  0x00001522       0xec build/obj/chmemcore.o
 .debug_abbrev  0x0000160e      0x174 build/obj/chheap.o
 .debug_abbrev  0x00001782       0x28 build/obj/chmempools.o
 .debug_abbrev  0x000017aa      0x11c build/obj/hal.o
 .debug_abbrev  0x000018c6      0x1e2 build/obj/adc.o
 .debug_abbrev  0x00001aa8      0x252 build/obj/can.o
 .debug_abbrev  0x00001cfa      0x13c build/obj/ext.o
 .debug_abbrev  0x00001e36      0x18b build/obj/gpt.o
 .debug_abbrev  0x00001fc1      0x1ce build/obj/i2c.o
 .debug_abbrev  0x0000218f      0x165 build/obj/icu.o
 .debug_abbrev  0x000022f4       0x4d build/obj/mac.o
 .debug_abbrev  0x00002341       0x4d build/obj/mmc_spi.o
 .debug_abbrev  0x0000238e       0x4d build/obj/mmcsd.o
 .debug_abbrev  0x000023db       0xf8 build/obj/pal.o
 .debug_abbrev  0x000024d3      0x165 build/obj/pwm.o
 .debug_abbrev  0x00002638       0x4d build/obj/rtc.o
 .debug_abbrev  0x00002685       0x4d build/obj/sdc.o
 .debug_abbrev  0x000026d2      0x205 build/obj/serial.o
 .debug_abbrev  0x000028d7       0x4d build/obj/serial_usb.o
 .debug_abbrev  0x00002924      0x1ec build/obj/spi.o
 .debug_abbrev  0x00002b10       0x4d build/obj/tm.o
 .debug_abbrev  0x00002b5d      0x1d5 build/obj/uart.o
 .debug_abbrev  0x00002d32       0x4d build/obj/usb.o
 .debug_abbrev  0x00002d7f      0x177 build/obj/stm32_dma.o
 .debug_abbrev  0x00002ef6       0xd0 build/obj/hal_lld.o
 .debug_abbrev  0x00002fc6      0x1ca build/obj/adc_lld.o
 .debug_abbrev  0x00003190      0x177 build/obj/ext_lld_isr.o
 .debug_abbrev  0x00003307      0x290 build/obj/can_lld.o
 .debug_abbrev  0x00003597      0x18b build/obj/ext_lld.o
 .debug_abbrev  0x00003722      0x1aa build/obj/gpt_lld.o
 .debug_abbrev  0x000038cc      0x1dc build/obj/icu_lld.o
 .debug_abbrev  0x00003aa8       0x4d build/obj/mac_lld.o
 .debug_abbrev  0x00003af5      0x1d1 build/obj/pwm_lld.o
 .debug_abbrev  0x00003cc6       0x4d build/obj/sdc_lld.o
 .debug_abbrev  0x00003d13      0x116 build/obj/pal_lld.o
 .debug_abbrev  0x00003e29      0x270 build/obj/i2c_lld.o
 .debug_abbrev  0x00004099       0x4d build/obj/rtc_lld.o
 .debug_abbrev  0x000040e6      0x21d build/obj/spi_lld.o
 .debug_abbrev  0x00004303      0x231 build/obj/serial_lld.o
 .debug_abbrev  0x00004534      0x21c build/obj/uart_lld.o
 .debug_abbrev  0x00004750       0x4d build/obj/usb_lld.o
 .debug_abbrev  0x0000479d       0xe2 build/obj/board.o
 .debug_abbrev  0x0000487f      0x1a1 build/obj/syscalls.o
 .debug_abbrev  0x00004a20      0x1da build/obj/shell.o
 .debug_abbrev  0x00004bfa      0x133 build/obj/chprintf.o
 .debug_abbrev  0x00004d2d      0x105 build/obj/flash.o
 .debug_abbrev  0x00004e32      0x1c2 build/obj/helper.o
 .debug_abbrev  0x00004ff4       0xdc build/obj/ihex.o
 .debug_abbrev  0x000050d0      0x22f build/obj/main.o
 .debug_abbrev  0x000052ff      0x1b2 build/obj/print.o
 .debug_abbrev  0x000054b1      0x191 build/obj/app1.o
 .debug_abbrev  0x00005642      0x13e build/obj/app2.o
 .debug_abbrev  0x00005780      0x13e build/obj/app3.o

.debug_loc      0x00000000     0x5790
 .debug_loc     0x00000000       0x58 build/obj/crt0.o
 .debug_loc     0x00000058       0x2c build/obj/chcore.o
 .debug_loc     0x00000084       0xf4 build/obj/chcore_v7m.o
 .debug_loc     0x00000178       0xa8 build/obj/nvic.o
 .debug_loc     0x00000220       0xa8 build/obj/chsys.o
 .debug_loc     0x000002c8       0xd4 build/obj/chvt.o
 .debug_loc     0x0000039c      0x27c build/obj/chschd.o
 .debug_loc     0x00000618      0x304 build/obj/chthreads.o
 .debug_loc     0x0000091c       0xa8 build/obj/chdynamic.o
 .debug_loc     0x000009c4       0x70 build/obj/chregistry.o
 .debug_loc     0x00000a34      0x310 build/obj/chsem.o
 .debug_loc     0x00000d44      0x268 build/obj/chmtx.o
 .debug_loc     0x00000fac      0x310 build/obj/chevents.o
 .debug_loc     0x000012bc      0x2d8 build/obj/chqueues.o
 .debug_loc     0x00001594       0xc8 build/obj/chmemcore.o
 .debug_loc     0x0000165c      0x10c build/obj/chheap.o
 .debug_loc     0x00001768       0x9c build/obj/hal.o
 .debug_loc     0x00001804      0x25c build/obj/adc.o
 .debug_loc     0x00001a60      0x3e4 build/obj/can.o
 .debug_loc     0x00001e44      0x17c build/obj/ext.o
 .debug_loc     0x00001fc0      0x294 build/obj/gpt.o
 .debug_loc     0x00002254      0x1ec build/obj/i2c.o
 .debug_loc     0x00002440      0x144 build/obj/icu.o
 .debug_loc     0x00002584       0xa8 build/obj/pal.o
 .debug_loc     0x0000262c      0x17c build/obj/pwm.o
 .debug_loc     0x000027a8      0x304 build/obj/serial.o
 .debug_loc     0x00002aac      0x374 build/obj/spi.o
 .debug_loc     0x00002e20      0x294 build/obj/uart.o
 .debug_loc     0x000030b4      0x230 build/obj/stm32_dma.o
 .debug_loc     0x000032e4       0x84 build/obj/hal_lld.o
 .debug_loc     0x00003368      0x144 build/obj/adc_lld.o
 .debug_loc     0x000034ac      0x228 build/obj/ext_lld_isr.o
 .debug_loc     0x000036d4      0x368 build/obj/can_lld.o
 .debug_loc     0x00003a3c      0x10c build/obj/ext_lld.o
 .debug_loc     0x00003b48      0x1a8 build/obj/gpt_lld.o
 .debug_loc     0x00003cf0      0x170 build/obj/icu_lld.o
 .debug_loc     0x00003e60      0x170 build/obj/pwm_lld.o
 .debug_loc     0x00003fd0       0x70 build/obj/pal_lld.o
 .debug_loc     0x00004040      0x330 build/obj/i2c_lld.o
 .debug_loc     0x00004370      0x294 build/obj/spi_lld.o
 .debug_loc     0x00004604      0x244 build/obj/serial_lld.o
 .debug_loc     0x00004848      0x330 build/obj/uart_lld.o
 .debug_loc     0x00004b78       0x58 build/obj/board.o
 .debug_loc     0x00004bd0      0x188 build/obj/syscalls.o
 .debug_loc     0x00004d58      0x25e build/obj/shell.o
 .debug_loc     0x00004fb6       0xee build/obj/chprintf.o
 .debug_loc     0x000050a4      0x1a8 build/obj/flash.o
 .debug_loc     0x0000524c      0x118 build/obj/helper.o
 .debug_loc     0x00005364       0xaa build/obj/ihex.o
 .debug_loc     0x0000540e      0x11a build/obj/main.o
 .debug_loc     0x00005528       0xe0 build/obj/print.o
 .debug_loc     0x00005608       0xa8 build/obj/app1.o
 .debug_loc     0x000056b0       0x70 build/obj/app2.o
 .debug_loc     0x00005720       0x70 build/obj/app3.o

.debug_aranges  0x00000000      0x6e0
 .debug_aranges
                0x00000000       0x20 build/obj/crt0.o
 .debug_aranges
                0x00000020       0x20 build/obj/vectors.o
 .debug_aranges
                0x00000040       0x20 build/obj/chcore.o
 .debug_aranges
                0x00000060       0x20 build/obj/chcore_v7m.o
 .debug_aranges
                0x00000080       0x20 build/obj/nvic.o
 .debug_aranges
                0x000000a0       0x20 build/obj/chsys.o
 .debug_aranges
                0x000000c0       0x20 build/obj/chvt.o
 .debug_aranges
                0x000000e0       0x20 build/obj/chschd.o
 .debug_aranges
                0x00000100       0x20 build/obj/chthreads.o
 .debug_aranges
                0x00000120       0x20 build/obj/chdynamic.o
 .debug_aranges
                0x00000140       0x20 build/obj/chregistry.o
 .debug_aranges
                0x00000160       0x20 build/obj/chsem.o
 .debug_aranges
                0x00000180       0x20 build/obj/chmtx.o
 .debug_aranges
                0x000001a0       0x20 build/obj/chevents.o
 .debug_aranges
                0x000001c0       0x20 build/obj/chqueues.o
 .debug_aranges
                0x000001e0       0x20 build/obj/chmemcore.o
 .debug_aranges
                0x00000200       0x20 build/obj/chheap.o
 .debug_aranges
                0x00000220       0x20 build/obj/hal.o
 .debug_aranges
                0x00000240       0x20 build/obj/adc.o
 .debug_aranges
                0x00000260       0x20 build/obj/can.o
 .debug_aranges
                0x00000280       0x20 build/obj/ext.o
 .debug_aranges
                0x000002a0       0x20 build/obj/gpt.o
 .debug_aranges
                0x000002c0       0x20 build/obj/i2c.o
 .debug_aranges
                0x000002e0       0x20 build/obj/icu.o
 .debug_aranges
                0x00000300       0x20 build/obj/pal.o
 .debug_aranges
                0x00000320       0x20 build/obj/pwm.o
 .debug_aranges
                0x00000340       0x20 build/obj/serial.o
 .debug_aranges
                0x00000360       0x20 build/obj/spi.o
 .debug_aranges
                0x00000380       0x20 build/obj/uart.o
 .debug_aranges
                0x000003a0       0x20 build/obj/stm32_dma.o
 .debug_aranges
                0x000003c0       0x20 build/obj/hal_lld.o
 .debug_aranges
                0x000003e0       0x20 build/obj/adc_lld.o
 .debug_aranges
                0x00000400       0x20 build/obj/ext_lld_isr.o
 .debug_aranges
                0x00000420       0x20 build/obj/can_lld.o
 .debug_aranges
                0x00000440       0x20 build/obj/ext_lld.o
 .debug_aranges
                0x00000460       0x20 build/obj/gpt_lld.o
 .debug_aranges
                0x00000480       0x20 build/obj/icu_lld.o
 .debug_aranges
                0x000004a0       0x20 build/obj/pwm_lld.o
 .debug_aranges
                0x000004c0       0x20 build/obj/pal_lld.o
 .debug_aranges
                0x000004e0       0x20 build/obj/i2c_lld.o
 .debug_aranges
                0x00000500       0x20 build/obj/spi_lld.o
 .debug_aranges
                0x00000520       0x20 build/obj/serial_lld.o
 .debug_aranges
                0x00000540       0x20 build/obj/uart_lld.o
 .debug_aranges
                0x00000560       0x20 build/obj/board.o
 .debug_aranges
                0x00000580       0x20 build/obj/syscalls.o
 .debug_aranges
                0x000005a0       0x20 build/obj/shell.o
 .debug_aranges
                0x000005c0       0x20 build/obj/chprintf.o
 .debug_aranges
                0x000005e0       0x20 build/obj/flash.o
 .debug_aranges
                0x00000600       0x20 build/obj/helper.o
 .debug_aranges
                0x00000620       0x20 build/obj/ihex.o
 .debug_aranges
                0x00000640       0x20 build/obj/main.o
 .debug_aranges
                0x00000660       0x20 build/obj/print.o
 .debug_aranges
                0x00000680       0x20 build/obj/app1.o
 .debug_aranges
                0x000006a0       0x20 build/obj/app2.o
 .debug_aranges
                0x000006c0       0x20 build/obj/app3.o

.debug_line     0x00000000     0x9dac
 .debug_line    0x00000000      0x15a build/obj/crt0.o
 .debug_line    0x0000015a      0x10e build/obj/vectors.o
 .debug_line    0x00000268       0x72 build/obj/chcore.o
 .debug_line    0x000002da      0x202 build/obj/chcore_v7m.o
 .debug_line    0x000004dc      0x122 build/obj/nvic.o
 .debug_line    0x000005fe      0x1ff build/obj/chsys.o
 .debug_line    0x000007fd       0x1d build/obj/chdebug.o
 .debug_line    0x0000081a       0x1d build/obj/chlists.o
 .debug_line    0x00000837      0x1d9 build/obj/chvt.o
 .debug_line    0x00000a10      0x25d build/obj/chschd.o
 .debug_line    0x00000c6d      0x2e2 build/obj/chthreads.o
 .debug_line    0x00000f4f      0x25f build/obj/chdynamic.o
 .debug_line    0x000011ae      0x24b build/obj/chregistry.o
 .debug_line    0x000013f9      0x2fd build/obj/chsem.o
 .debug_line    0x000016f6      0x27b build/obj/chmtx.o
 .debug_line    0x00001971       0x1d build/obj/chcond.o
 .debug_line    0x0000198e      0x275 build/obj/chevents.o
 .debug_line    0x00001c03       0x1d build/obj/chmsg.o
 .debug_line    0x00001c20       0x1d build/obj/chmboxes.o
 .debug_line    0x00001c3d      0x339 build/obj/chqueues.o
[...]
flashPageErase                                    build/obj/flash.o
flashPageRead                                     build/obj/flash.o
                                                  build/obj/helper.o
flashPageWrite                                    build/obj/flash.o
flashPageWriteIfNeeded                            build/obj/flash.o
                                                  build/obj/helper.o
gptChangeInterval                                 build/obj/gpt.o
gptInit                                           build/obj/gpt.o
                                                  build/obj/hal.o
gptObjectInit                                     build/obj/gpt.o
                                                  build/obj/gpt_lld.o
gptPolledDelay                                    build/obj/gpt.o
gptStart                                          build/obj/gpt.o
                                                  build/obj/app1.o
gptStartContinuous                                build/obj/gpt.o
                                                  build/obj/app1.o
gptStartContinuousI                               build/obj/gpt.o
gptStartOneShot                                   build/obj/gpt.o
gptStartOneShotI                                  build/obj/gpt.o
gptStop                                           build/obj/gpt.o
gptStopTimer                                      build/obj/gpt.o
gptStopTimerI                                     build/obj/gpt.o
gpt_lld_init                                      build/obj/gpt_lld.o
                                                  build/obj/gpt.o
gpt_lld_polled_delay                              build/obj/gpt_lld.o
                                                  build/obj/gpt.o
gpt_lld_start                                     build/obj/gpt_lld.o
                                                  build/obj/gpt.o
gpt_lld_start_timer                               build/obj/gpt_lld.o
                                                  build/obj/gpt.o
gpt_lld_stop                                      build/obj/gpt_lld.o
                                                  build/obj/gpt.o
gpt_lld_stop_timer                                build/obj/gpt_lld.o
                                                  build/obj/gpt.o
halInit                                           build/obj/hal.o
                                                  build/obj/main.o
halIsCounterWithin                                build/obj/hal.o
halPolledDelay                                    build/obj/hal.o
hal_lld_init                                      build/obj/hal_lld.o
                                                  build/obj/hal.o
i2cAcquireBus                                     build/obj/i2c.o
i2cGetErrors                                      build/obj/i2c.o
i2cInit                                           build/obj/i2c.o
                                                  build/obj/hal.o
i2cMasterReceiveTimeout                           build/obj/i2c.o
i2cMasterTransmitTimeout                          build/obj/i2c.o
i2cObjectInit                                     build/obj/i2c.o
                                                  build/obj/i2c_lld.o
i2cReleaseBus                                     build/obj/i2c.o
i2cStart                                          build/obj/i2c.o
i2cStop                                           build/obj/i2c.o
i2c_lld_init                                      build/obj/i2c_lld.o
                                                  build/obj/i2c.o
i2c_lld_master_receive_timeout                    build/obj/i2c_lld.o
                                                  build/obj/i2c.o
i2c_lld_master_transmit_timeout                   build/obj/i2c_lld.o
                                                  build/obj/i2c.o
i2c_lld_start                                     build/obj/i2c_lld.o
                                                  build/obj/i2c.o
i2c_lld_stop                                      build/obj/i2c_lld.o
                                                  build/obj/i2c.o
icuDisable                                        build/obj/icu.o
icuEnable                                         build/obj/icu.o
icuInit                                           build/obj/icu.o
                                                  build/obj/hal.o
icuObjectInit                                     build/obj/icu.o
                                                  build/obj/icu_lld.o
icuStart                                          build/obj/icu.o
icuStop                                           build/obj/icu.o
icu_lld_disable                                   build/obj/icu_lld.o
                                                  build/obj/icu.o
icu_lld_enable                                    build/obj/icu_lld.o
                                                  build/obj/icu.o
icu_lld_init                                      build/obj/icu_lld.o
                                                  build/obj/icu.o
icu_lld_start                                     build/obj/icu_lld.o
                                                  build/obj/icu.o
icu_lld_stop                                      build/obj/icu_lld.o
                                                  build/obj/icu.o
linearFlashProgram                                build/obj/helper.o
                                                  build/obj/main.o
linearFlashProgramFinish                          build/obj/helper.o
                                                  build/obj/main.o
linearFlashProgramStart                           build/obj/helper.o
                                                  build/obj/main.o
main                                              build/obj/main.o
                                                  build/obj/crt0.o
memcpy                                            build/obj/helper.o
                                                  build/obj/ihex.o
                                                  build/obj/flash.o
memset                                            /home/texzk/ChibiStudio/tools/GNU Tools ARM Embedded/4.6 2012q4/bin/../lib/gcc/arm-none-eabi/4.6.2/../../../../arm-none-eabi/lib/armv7-m/libc.a(lib_a-memset.o)
                                                  build/obj/syscalls.o
nvicDisableVector                                 build/obj/nvic.o
                                                  build/obj/uart_lld.o
                                                  build/obj/serial_lld.o
                                                  build/obj/i2c_lld.o
                                                  build/obj/pwm_lld.o
                                                  build/obj/icu_lld.o
                                                  build/obj/gpt_lld.o
                                                  build/obj/can_lld.o
                                                  build/obj/ext_lld_isr.o
                                                  build/obj/stm32_dma.o
nvicEnableVector                                  build/obj/nvic.o
                                                  build/obj/uart_lld.o
                                                  build/obj/serial_lld.o
                                                  build/obj/i2c_lld.o
                                                  build/obj/pwm_lld.o
                                                  build/obj/icu_lld.o
                                                  build/obj/gpt_lld.o
                                                  build/obj/can_lld.o
                                                  build/obj/ext_lld_isr.o
                                                  build/obj/stm32_dma.o
nvicSetSystemHandlerPriority                      build/obj/nvic.o
                                                  build/obj/chcore_v7m.o
palReadBus                                        build/obj/pal.o
palSetBusMode                                     build/obj/pal.o
palWriteBus                                       build/obj/pal.o
pal_default_config                                build/obj/board.o
                                                  build/obj/hal.o
port_halt                                         build/obj/chcore.o
                                                  build/obj/uart_lld.o
                                                  build/obj/spi_lld.o
                                                  build/obj/i2c_lld.o
                                                  build/obj/can_lld.o
print                                             build/obj/print.o
                                                  build/obj/app3.o
                                                  build/obj/app2.o
                                                  build/obj/app1.o
                                                  build/obj/main.o
printn                                            build/obj/print.o
                                                  build/obj/app3.o
                                                  build/obj/app2.o
                                                  build/obj/app1.o
                                                  build/obj/main.o
pwmChangePeriod                                   build/obj/pwm.o
pwmDisableChannel                                 build/obj/pwm.o
pwmEnableChannel                                  build/obj/pwm.o
pwmInit                                           build/obj/pwm.o
                                                  build/obj/hal.o
pwmObjectInit                                     build/obj/pwm.o
                                                  build/obj/pwm_lld.o
pwmStart                                          build/obj/pwm.o
pwmStop                                           build/obj/pwm.o
pwm_lld_disable_channel                           build/obj/pwm_lld.o
                                                  build/obj/pwm.o
pwm_lld_enable_channel                            build/obj/pwm_lld.o
                                                  build/obj/pwm.o
pwm_lld_init                                      build/obj/pwm_lld.o
                                                  build/obj/pwm.o
pwm_lld_start                                     build/obj/pwm_lld.o
                                                  build/obj/pwm.o
pwm_lld_stop                                      build/obj/pwm_lld.o
                                                  build/obj/pwm.o
read                                              build/obj/print.o
readn                                             build/obj/print.o
                                                  build/obj/main.o
rlist                                             build/obj/main.o
                                                  build/obj/shell.o
                                                  build/obj/i2c_lld.o
                                                  build/obj/spi.o
                                                  build/obj/adc.o
                                                  build/obj/chqueues.o
                                                  build/obj/chevents.o
                                                  build/obj/chmtx.o
                                                  build/obj/chsem.o
                                                  build/obj/chregistry.o
                                                  build/obj/chthreads.o
                                                  build/obj/chschd.o
                                                  build/obj/chsys.o
                                                  build/obj/chcore_v7m.o
sdIncomingDataI                                   build/obj/serial.o
                                                  build/obj/serial_lld.o
sdInit                                            build/obj/serial.o
                                                  build/obj/hal.o
sdObjectInit                                      build/obj/serial.o
                                                  build/obj/serial_lld.o
sdRequestDataI                                    build/obj/serial.o
sdStart                                           build/obj/serial.o
                                                  build/obj/main.o
sdStop                                            build/obj/serial.o
sd_lld_init                                       build/obj/serial_lld.o
                                                  build/obj/serial.o
sd_lld_start                                      build/obj/serial_lld.o
                                                  build/obj/serial.o
sd_lld_stop                                       build/obj/serial_lld.o
                                                  build/obj/serial.o
shellCreate                                       build/obj/shell.o
                                                  build/obj/main.o
shellCreateStatic                                 build/obj/shell.o
shellGetLine                                      build/obj/shell.o
shellInit                                         build/obj/shell.o
                                                  build/obj/main.o
shell_terminated                                  build/obj/shell.o
spiAcquireBus                                     build/obj/spi.o
spiExchange                                       build/obj/spi.o
spiIgnore                                         build/obj/spi.o
spiInit                                           build/obj/spi.o
                                                  build/obj/hal.o
spiObjectInit                                     build/obj/spi.o
                                                  build/obj/spi_lld.o
spiReceive                                        build/obj/spi.o
spiReleaseBus                                     build/obj/spi.o
spiSelect                                         build/obj/spi.o
spiSend                                           build/obj/spi.o
spiStart                                          build/obj/spi.o
spiStartExchange                                  build/obj/spi.o
spiStartIgnore                                    build/obj/spi.o
spiStartReceive                                   build/obj/spi.o
spiStartSend                                      build/obj/spi.o
spiStop                                           build/obj/spi.o
spiUnselect                                       build/obj/spi.o
spi_lld_exchange                                  build/obj/spi_lld.o
                                                  build/obj/spi.o
spi_lld_ignore                                    build/obj/spi_lld.o
                                                  build/obj/spi.o
spi_lld_init                                      build/obj/spi_lld.o
                                                  build/obj/spi.o
spi_lld_polled_exchange                           build/obj/spi_lld.o
spi_lld_receive                                   build/obj/spi_lld.o
                                                  build/obj/spi.o
spi_lld_select                                    build/obj/spi_lld.o
                                                  build/obj/spi.o
spi_lld_send                                      build/obj/spi_lld.o
                                                  build/obj/spi.o
spi_lld_start                                     build/obj/spi_lld.o
                                                  build/obj/spi.o
spi_lld_stop                                      build/obj/spi_lld.o
                                                  build/obj/spi.o
spi_lld_unselect                                  build/obj/spi_lld.o
                                                  build/obj/spi.o
stm32_clock_init                                  build/obj/hal_lld.o
                                                  build/obj/board.o
strcmp                                            /home/texzk/ChibiStudio/tools/GNU Tools ARM Embedded/4.6 2012q4/bin/../lib/gcc/arm-none-eabi/4.6.2/../../../../arm-none-eabi/lib/armv7-m/libc.a(lib_a-strcmp.o)
                                                  build/obj/shell.o
strlen                                            /home/texzk/ChibiStudio/tools/GNU Tools ARM Embedded/4.6 2012q4/bin/../lib/gcc/arm-none-eabi/4.6.2/../../../../arm-none-eabi/lib/armv7-m/libc.a(lib_a-strlen.o)
                                                  build/obj/ihex.o
strncpy                                           /home/texzk/ChibiStudio/tools/GNU Tools ARM Embedded/4.6 2012q4/bin/../lib/gcc/arm-none-eabi/4.6.2/../../../../arm-none-eabi/lib/armv7-m/libc.a(lib_a-strncpy.o)
                                                  build/obj/ihex.o
strpbrk                                           /home/texzk/ChibiStudio/tools/GNU Tools ARM Embedded/4.6 2012q4/bin/../lib/gcc/arm-none-eabi/4.6.2/../../../../arm-none-eabi/lib/armv7-m/libc.a(lib_a-strpbrk.o)
                                                  build/obj/shell.o
strspn                                            /home/texzk/ChibiStudio/tools/GNU Tools ARM Embedded/4.6 2012q4/bin/../lib/gcc/arm-none-eabi/4.6.2/../../../../arm-none-eabi/lib/armv7-m/libc.a(lib_a-strspn.o)
                                                  build/obj/shell.o
strtol                                            /home/texzk/ChibiStudio/tools/GNU Tools ARM Embedded/4.6 2012q4/bin/../lib/gcc/arm-none-eabi/4.6.2/../../../../arm-none-eabi/lib/armv7-m/libc.a(lib_a-strtol.o)
                                                  build/obj/ihex.o
test                                              build/obj/app1.o
uartInit                                          build/obj/uart.o
                                                  build/obj/hal.o
uartObjectInit                                    build/obj/uart.o
                                                  build/obj/uart_lld.o
uartStart                                         build/obj/uart.o
uartStartReceive                                  build/obj/uart.o
uartStartReceiveI                                 build/obj/uart.o
uartStartSend                                     build/obj/uart.o
uartStartSendI                                    build/obj/uart.o
uartStop                                          build/obj/uart.o
uartStopReceive                                   build/obj/uart.o
uartStopReceiveI                                  build/obj/uart.o
uartStopSend                                      build/obj/uart.o
uartStopSendI                                     build/obj/uart.o
uart_lld_init                                     build/obj/uart_lld.o
                                                  build/obj/uart.o
uart_lld_start                                    build/obj/uart_lld.o
                                                  build/obj/uart.o
uart_lld_start_receive                            build/obj/uart_lld.o
                                                  build/obj/uart.o
uart_lld_start_send                               build/obj/uart_lld.o
                                                  build/obj/uart.o
uart_lld_stop                                     build/obj/uart_lld.o
                                                  build/obj/uart.o
uart_lld_stop_receive                             build/obj/uart_lld.o
                                                  build/obj/uart.o
uart_lld_stop_send                                build/obj/uart_lld.o
                                                  build/obj/uart.o
vtlist                                            build/obj/app3.o
                                                  build/obj/app2.o
                                                  build/obj/shell.o
                                                  build/obj/chthreads.o
                                                  build/obj/chvt.o
                                                  build/obj/chsys.o
